Archive member included to satisfy reference by file (symbol)

d:/stm32 cubeide 1.7.0/stm32cubeide_1.7.0/stm32cubeide/plugins/com.st.stm32cube.ide.mcu.externaltools.gnu-tools-for-stm32.9-2020-q2-update.win32_2.0.0.202105311346/tools/bin/../lib/gcc/arm-none-eabi/9.3.1/../../../../arm-none-eabi/lib/thumb/v7e-m+fp/hard\libc_nano.a(lib_a-errno.o)
                              ./Core/Src/syscalls.o (__errno)
d:/stm32 cubeide 1.7.0/stm32cubeide_1.7.0/stm32cubeide/plugins/com.st.stm32cube.ide.mcu.externaltools.gnu-tools-for-stm32.9-2020-q2-update.win32_2.0.0.202105311346/tools/bin/../lib/gcc/arm-none-eabi/9.3.1/../../../../arm-none-eabi/lib/thumb/v7e-m+fp/hard\libc_nano.a(lib_a-exit.o)
                              d:/stm32 cubeide 1.7.0/stm32cubeide_1.7.0/stm32cubeide/plugins/com.st.stm32cube.ide.mcu.externaltools.gnu-tools-for-stm32.9-2020-q2-update.win32_2.0.0.202105311346/tools/bin/../lib/gcc/arm-none-eabi/9.3.1/../../../../arm-none-eabi/lib/thumb/v7e-m+fp/hard/crt0.o (exit)
d:/stm32 cubeide 1.7.0/stm32cubeide_1.7.0/stm32cubeide/plugins/com.st.stm32cube.ide.mcu.externaltools.gnu-tools-for-stm32.9-2020-q2-update.win32_2.0.0.202105311346/tools/bin/../lib/gcc/arm-none-eabi/9.3.1/../../../../arm-none-eabi/lib/thumb/v7e-m+fp/hard\libc_nano.a(lib_a-impure.o)
                              d:/stm32 cubeide 1.7.0/stm32cubeide_1.7.0/stm32cubeide/plugins/com.st.stm32cube.ide.mcu.externaltools.gnu-tools-for-stm32.9-2020-q2-update.win32_2.0.0.202105311346/tools/bin/../lib/gcc/arm-none-eabi/9.3.1/../../../../arm-none-eabi/lib/thumb/v7e-m+fp/hard\libc_nano.a(lib_a-exit.o) (_global_impure_ptr)
d:/stm32 cubeide 1.7.0/stm32cubeide_1.7.0/stm32cubeide/plugins/com.st.stm32cube.ide.mcu.externaltools.gnu-tools-for-stm32.9-2020-q2-update.win32_2.0.0.202105311346/tools/bin/../lib/gcc/arm-none-eabi/9.3.1/../../../../arm-none-eabi/lib/thumb/v7e-m+fp/hard\libc_nano.a(lib_a-init.o)
                              d:/stm32 cubeide 1.7.0/stm32cubeide_1.7.0/stm32cubeide/plugins/com.st.stm32cube.ide.mcu.externaltools.gnu-tools-for-stm32.9-2020-q2-update.win32_2.0.0.202105311346/tools/bin/../lib/gcc/arm-none-eabi/9.3.1/../../../../arm-none-eabi/lib/thumb/v7e-m+fp/hard/crt0.o (__libc_init_array)
d:/stm32 cubeide 1.7.0/stm32cubeide_1.7.0/stm32cubeide/plugins/com.st.stm32cube.ide.mcu.externaltools.gnu-tools-for-stm32.9-2020-q2-update.win32_2.0.0.202105311346/tools/bin/../lib/gcc/arm-none-eabi/9.3.1/../../../../arm-none-eabi/lib/thumb/v7e-m+fp/hard\libc_nano.a(lib_a-memset.o)
                              d:/stm32 cubeide 1.7.0/stm32cubeide_1.7.0/stm32cubeide/plugins/com.st.stm32cube.ide.mcu.externaltools.gnu-tools-for-stm32.9-2020-q2-update.win32_2.0.0.202105311346/tools/bin/../lib/gcc/arm-none-eabi/9.3.1/../../../../arm-none-eabi/lib/thumb/v7e-m+fp/hard/crt0.o (memset)
d:/stm32 cubeide 1.7.0/stm32cubeide_1.7.0/stm32cubeide/plugins/com.st.stm32cube.ide.mcu.externaltools.gnu-tools-for-stm32.9-2020-q2-update.win32_2.0.0.202105311346/tools/bin/../lib/gcc/arm-none-eabi/9.3.1/../../../../arm-none-eabi/lib/thumb/v7e-m+fp/hard\libc_nano.a(lib_a-sprintf.o)
                              ./Core/Src/app.o (sprintf)
d:/stm32 cubeide 1.7.0/stm32cubeide_1.7.0/stm32cubeide/plugins/com.st.stm32cube.ide.mcu.externaltools.gnu-tools-for-stm32.9-2020-q2-update.win32_2.0.0.202105311346/tools/bin/../lib/gcc/arm-none-eabi/9.3.1/../../../../arm-none-eabi/lib/thumb/v7e-m+fp/hard\libc_nano.a(lib_a-strlen.o)
                              ./Core/Src/app.o (strlen)
d:/stm32 cubeide 1.7.0/stm32cubeide_1.7.0/stm32cubeide/plugins/com.st.stm32cube.ide.mcu.externaltools.gnu-tools-for-stm32.9-2020-q2-update.win32_2.0.0.202105311346/tools/bin/../lib/gcc/arm-none-eabi/9.3.1/../../../../arm-none-eabi/lib/thumb/v7e-m+fp/hard\libc_nano.a(lib_a-nano-svfprintf.o)
                              d:/stm32 cubeide 1.7.0/stm32cubeide_1.7.0/stm32cubeide/plugins/com.st.stm32cube.ide.mcu.externaltools.gnu-tools-for-stm32.9-2020-q2-update.win32_2.0.0.202105311346/tools/bin/../lib/gcc/arm-none-eabi/9.3.1/../../../../arm-none-eabi/lib/thumb/v7e-m+fp/hard\libc_nano.a(lib_a-sprintf.o) (_svfprintf_r)
d:/stm32 cubeide 1.7.0/stm32cubeide_1.7.0/stm32cubeide/plugins/com.st.stm32cube.ide.mcu.externaltools.gnu-tools-for-stm32.9-2020-q2-update.win32_2.0.0.202105311346/tools/bin/../lib/gcc/arm-none-eabi/9.3.1/../../../../arm-none-eabi/lib/thumb/v7e-m+fp/hard\libc_nano.a(lib_a-nano-vfprintf_i.o)
                              d:/stm32 cubeide 1.7.0/stm32cubeide_1.7.0/stm32cubeide/plugins/com.st.stm32cube.ide.mcu.externaltools.gnu-tools-for-stm32.9-2020-q2-update.win32_2.0.0.202105311346/tools/bin/../lib/gcc/arm-none-eabi/9.3.1/../../../../arm-none-eabi/lib/thumb/v7e-m+fp/hard\libc_nano.a(lib_a-nano-svfprintf.o) (_printf_i)
d:/stm32 cubeide 1.7.0/stm32cubeide_1.7.0/stm32cubeide/plugins/com.st.stm32cube.ide.mcu.externaltools.gnu-tools-for-stm32.9-2020-q2-update.win32_2.0.0.202105311346/tools/bin/../lib/gcc/arm-none-eabi/9.3.1/../../../../arm-none-eabi/lib/thumb/v7e-m+fp/hard\libc_nano.a(lib_a-memchr.o)
[...]
Memory Configuration

Name             Origin             Length             Attributes
RAM              0x0000000020000000 0x0000000000018000 xrw
FLASH            0x0000000008000000 0x0000000000080000 xr
*default*        0x0000000000000000 0xffffffffffffffff

Linker script and memory map

LOAD d:/stm32 cubeide 1.7.0/stm32cubeide_1.7.0/stm32cubeide/plugins/com.st.stm32cube.ide.mcu.externaltools.gnu-tools-for-stm32.9-2020-q2-update.win32_2.0.0.202105311346/tools/bin/../lib/gcc/arm-none-eabi/9.3.1/thumb/v7e-m+fp/hard/crti.o
LOAD d:/stm32 cubeide 1.7.0/stm32cubeide_1.7.0/stm32cubeide/plugins/com.st.stm32cube.ide.mcu.externaltools.gnu-tools-for-stm32.9-2020-q2-update.win32_2.0.0.202105311346/tools/bin/../lib/gcc/arm-none-eabi/9.3.1/thumb/v7e-m+fp/hard/crtbegin.o
LOAD d:/stm32 cubeide 1.7.0/stm32cubeide_1.7.0/stm32cubeide/plugins/com.st.stm32cube.ide.mcu.externaltools.gnu-tools-for-stm32.9-2020-q2-update.win32_2.0.0.202105311346/tools/bin/../lib/gcc/arm-none-eabi/9.3.1/../../../../arm-none-eabi/lib/thumb/v7e-m+fp/hard/crt0.o
LOAD ./Core/Src/app.o
LOAD ./Core/Src/ball.o
LOAD ./Core/Src/connect.o
LOAD ./Core/Src/delay.o
LOAD ./Core/Src/gameLogic.o
LOAD ./Core/Src/lcd.o
LOAD ./Core/Src/lcd_pins.o
LOAD ./Core/Src/main.o
LOAD ./Core/Src/maps.o
LOAD ./Core/Src/mpu6050.o
LOAD ./Core/Src/procudure.o
LOAD ./Core/Src/score.o
LOAD ./Core/Src/stm32f4xx_hal_msp.o
LOAD ./Core/Src/stm32f4xx_it.o
LOAD ./Core/Src/syscalls.o
LOAD ./Core/Src/sysmem.o
LOAD ./Core/Src/system_stm32f4xx.o
LOAD ./Core/Src/timer.o
LOAD ./Core/Startup/startup_stm32f401retx.o
LOAD ./Drivers/STM32F4xx_HAL_Driver/Src/stm32f4xx_hal.o
LOAD ./Drivers/STM32F4xx_HAL_Driver/Src/stm32f4xx_hal_cortex.o
LOAD ./Drivers/STM32F4xx_HAL_Driver/Src/stm32f4xx_hal_dma.o
LOAD ./Drivers/STM32F4xx_HAL_Driver/Src/stm32f4xx_hal_dma_ex.o
LOAD ./Drivers/STM32F4xx_HAL_Driver/Src/stm32f4xx_hal_exti.o
LOAD ./Drivers/STM32F4xx_HAL_Driver/Src/stm32f4xx_hal_flash.o
LOAD ./Drivers/STM32F4xx_HAL_Driver/Src/stm32f4xx_hal_flash_ex.o
LOAD ./Drivers/STM32F4xx_HAL_Driver/Src/stm32f4xx_hal_flash_ramfunc.o
LOAD ./Drivers/STM32F4xx_HAL_Driver/Src/stm32f4xx_hal_gpio.o
LOAD ./Drivers/STM32F4xx_HAL_Driver/Src/stm32f4xx_hal_i2c.o
LOAD ./Drivers/STM32F4xx_HAL_Driver/Src/stm32f4xx_hal_i2c_ex.o
LOAD ./Drivers/STM32F4xx_HAL_Driver/Src/stm32f4xx_hal_pwr.o
LOAD ./Drivers/STM32F4xx_HAL_Driver/Src/stm32f4xx_hal_pwr_ex.o
LOAD ./Drivers/STM32F4xx_HAL_Driver/Src/stm32f4xx_hal_rcc.o
LOAD ./Drivers/STM32F4xx_HAL_Driver/Src/stm32f4xx_hal_rcc_ex.o
LOAD ./Drivers/STM32F4xx_HAL_Driver/Src/stm32f4xx_hal_tim.o
LOAD ./Drivers/STM32F4xx_HAL_Driver/Src/stm32f4xx_hal_tim_ex.o
LOAD ./Drivers/STM32F4xx_HAL_Driver/Src/stm32f4xx_hal_uart.o
START GROUP
LOAD d:/stm32 cubeide 1.7.0/stm32cubeide_1.7.0/stm32cubeide/plugins/com.st.stm32cube.ide.mcu.externaltools.gnu-tools-for-stm32.9-2020-q2-update.win32_2.0.0.202105311346/tools/bin/../lib/gcc/arm-none-eabi/9.3.1/../../../../arm-none-eabi/lib/thumb/v7e-m+fp/hard\libc_nano.a
LOAD d:/stm32 cubeide 1.7.0/stm32cubeide_1.7.0/stm32cubeide/plugins/com.st.stm32cube.ide.mcu.externaltools.gnu-tools-for-stm32.9-2020-q2-update.win32_2.0.0.202105311346/tools/bin/../lib/gcc/arm-none-eabi/9.3.1/../../../../arm-none-eabi/lib/thumb/v7e-m+fp/hard\libm.a
END GROUP
START GROUP
LOAD d:/stm32 cubeide 1.7.0/stm32cubeide_1.7.0/stm32cubeide/plugins/com.st.stm32cube.ide.mcu.externaltools.gnu-tools-for-stm32.9-2020-q2-update.win32_2.0.0.202105311346/tools/bin/../lib/gcc/arm-none-eabi/9.3.1/thumb/v7e-m+fp/hard\libgcc.a
LOAD d:/stm32 cubeide 1.7.0/stm32cubeide_1.7.0/stm32cubeide/plugins/com.st.stm32cube.ide.mcu.externaltools.gnu-tools-for-stm32.9-2020-q2-update.win32_2.0.0.202105311346/tools/bin/../lib/gcc/arm-none-eabi/9.3.1/../../../../arm-none-eabi/lib/thumb/v7e-m+fp/hard\libc_nano.a
END GROUP
START GROUP
LOAD d:/stm32 cubeide 1.7.0/stm32cubeide_1.7.0/stm32cubeide/plugins/com.st.stm32cube.ide.mcu.externaltools.gnu-tools-for-stm32.9-2020-q2-update.win32_2.0.0.202105311346/tools/bin/../lib/gcc/arm-none-eabi/9.3.1/thumb/v7e-m+fp/hard\libgcc.a
LOAD d:/stm32 cubeide 1.7.0/stm32cubeide_1.7.0/stm32cubeide/plugins/com.st.stm32cube.ide.mcu.externaltools.gnu-tools-for-stm32.9-2020-q2-update.win32_2.0.0.202105311346/tools/bin/../lib/gcc/arm-none-eabi/9.3.1/../../../../arm-none-eabi/lib/thumb/v7e-m+fp/hard\libc_nano.a
LOAD d:/stm32 cubeide 1.7.0/stm32cubeide_1.7.0/stm32cubeide/plugins/com.st.stm32cube.ide.mcu.externaltools.gnu-tools-for-stm32.9-2020-q2-update.win32_2.0.0.202105311346/tools/bin/../lib/gcc/arm-none-eabi/9.3.1/../../../../arm-none-eabi/lib/thumb/v7e-m+fp/hard\libnosys.a
END GROUP
START GROUP
LOAD d:/stm32 cubeide 1.7.0/stm32cubeide_1.7.0/stm32cubeide/plugins/com.st.stm32cube.ide.mcu.externaltools.gnu-tools-for-stm32.9-2020-q2-update.win32_2.0.0.202105311346/tools/bin/../lib/gcc/arm-none-eabi/9.3.1/thumb/v7e-m+fp/hard\libgcc.a
LOAD d:/stm32 cubeide 1.7.0/stm32cubeide_1.7.0/stm32cubeide/plugins/com.st.stm32cube.ide.mcu.externaltools.gnu-tools-for-stm32.9-2020-q2-update.win32_2.0.0.202105311346/tools/bin/../lib/gcc/arm-none-eabi/9.3.1/../../../../arm-none-eabi/lib/thumb/v7e-m+fp/hard\libc_nano.a
LOAD d:/stm32 cubeide 1.7.0/stm32cubeide_1.7.0/stm32cubeide/plugins/com.st.stm32cube.ide.mcu.externaltools.gnu-tools-for-stm32.9-2020-q2-update.win32_2.0.0.202105311346/tools/bin/../lib/gcc/arm-none-eabi/9.3.1/../../../../arm-none-eabi/lib/thumb/v7e-m+fp/hard\libnosys.a
END GROUP
LOAD d:/stm32 cubeide 1.7.0/stm32cubeide_1.7.0/stm32cubeide/plugins/com.st.stm32cube.ide.mcu.externaltools.gnu-tools-for-stm32.9-2020-q2-update.win32_2.0.0.202105311346/tools/bin/../lib/gcc/arm-none-eabi/9.3.1/thumb/v7e-m+fp/hard/crtend.o
LOAD d:/stm32 cubeide 1.7.0/stm32cubeide_1.7.0/stm32cubeide/plugins/com.st.stm32cube.ide.mcu.externaltools.gnu-tools-for-stm32.9-2020-q2-update.win32_2.0.0.202105311346/tools/bin/../lib/gcc/arm-none-eabi/9.3.1/thumb/v7e-m+fp/hard/crtn.o
                0x0000000020018000                _estack = (ORIGIN (RAM) + LENGTH (RAM))
                0x0000000000000200                _Min_Heap_Size = 0x200
                0x0000000000000400                _Min_Stack_Size = 0x400

.isr_vector     0x0000000008000000      0x194
                0x0000000008000000                . = ALIGN (0x4)
 *(.isr_vector)
 .isr_vector    0x0000000008000000      0x194 ./Core/Startup/startup_stm32f401retx.o
                0x0000000008000000                g_pfnVectors
                0x0000000008000194                . = ALIGN (0x4)

.text           0x00000000080001a0     0x7c04
                0x00000000080001a0                . = ALIGN (0x4)
 *(.text)
 .text          0x00000000080001a0       0x40 d:/stm32 cubeide 1.7.0/stm32cubeide_1.7.0/stm32cubeide/plugins/com.st.stm32cube.ide.mcu.externaltools.gnu-tools-for-stm32.9-2020-q2-update.win32_2.0.0.202105311346/tools/bin/../lib/gcc/arm-none-eabi/9.3.1/thumb/v7e-m+fp/hard/crtbegin.o
 .text          0x00000000080001e0       0x10 d:/stm32 cubeide 1.7.0/stm32cubeide_1.7.0/stm32cubeide/plugins/com.st.stm32cube.ide.mcu.externaltools.gnu-tools-for-stm32.9-2020-q2-update.win32_2.0.0.202105311346/tools/bin/../lib/gcc/arm-none-eabi/9.3.1/../../../../arm-none-eabi/lib/thumb/v7e-m+fp/hard\libc_nano.a(lib_a-strlen.o)
                0x00000000080001e0                strlen
 .text          0x00000000080001f0       0xa0 d:/stm32 cubeide 1.7.0/stm32cubeide_1.7.0/stm32cubeide/plugins/com.st.stm32cube.ide.mcu.externaltools.gnu-tools-for-stm32.9-2020-q2-update.win32_2.0.0.202105311346/tools/bin/../lib/gcc/arm-none-eabi/9.3.1/../../../../arm-none-eabi/lib/thumb/v7e-m+fp/hard\libc_nano.a(lib_a-memchr.o)
                0x00000000080001f0                memchr
 .text          0x0000000008000290      0x378 d:/stm32 cubeide 1.7.0/stm32cubeide_1.7.0/stm32cubeide/plugins/com.st.stm32cube.ide.mcu.externaltools.gnu-tools-for-stm32.9-2020-q2-update.win32_2.0.0.202105311346/tools/bin/../lib/gcc/arm-none-eabi/9.3.1/thumb/v7e-m+fp/hard\libgcc.a(_arm_addsubdf3.o)
                0x0000000008000290                __aeabi_drsub
                0x0000000008000298                __aeabi_dsub
                0x0000000008000298                __subdf3
                0x000000000800029c                __aeabi_dadd
                0x000000000800029c                __adddf3
                0x0000000008000514                __floatunsidf
                0x0000000008000514                __aeabi_ui2d
                0x0000000008000534                __floatsidf
                0x0000000008000534                __aeabi_i2d
                0x0000000008000558                __aeabi_f2d
                0x0000000008000558                __extendsfdf2
                0x000000000800059c                __floatundidf
                0x000000000800059c                __aeabi_ul2d
                0x00000000080005ac                __floatdidf
                0x00000000080005ac                __aeabi_l2d
 .text          0x0000000008000608      0x424 d:/stm32 cubeide 1.7.0/stm32cubeide_1.7.0/stm32cubeide/plugins/com.st.stm32cube.ide.mcu.externaltools.gnu-tools-for-stm32.9-2020-q2-update.win32_2.0.0.202105311346/tools/bin/../lib/gcc/arm-none-eabi/9.3.1/thumb/v7e-m+fp/hard\libgcc.a(_arm_muldivdf3.o)
                0x0000000008000608                __aeabi_dmul
                0x0000000008000608                __muldf3
                0x000000000800085c                __divdf3
                0x000000000800085c                __aeabi_ddiv
 .text          0x0000000008000a2c      0x110 d:/stm32 cubeide 1.7.0/stm32cubeide_1.7.0/stm32cubeide/plugins/com.st.stm32cube.ide.mcu.externaltools.gnu-tools-for-stm32.9-2020-q2-update.win32_2.0.0.202105311346/tools/bin/../lib/gcc/arm-none-eabi/9.3.1/thumb/v7e-m+fp/hard\libgcc.a(_arm_cmpdf2.o)
                0x0000000008000a2c                __gtdf2
                0x0000000008000a2c                __gedf2
                0x0000000008000a34                __ltdf2
                0x0000000008000a34                __ledf2
                0x0000000008000a3c                __nedf2
                0x0000000008000a3c                __eqdf2
                0x0000000008000a3c                __cmpdf2
                0x0000000008000ab8                __aeabi_cdrcmple
                0x0000000008000ac8                __aeabi_cdcmpeq
                0x0000000008000ac8                __aeabi_cdcmple
                0x0000000008000ad8                __aeabi_dcmpeq
                0x0000000008000aec                __aeabi_dcmplt
                0x0000000008000b00                __aeabi_dcmple
                0x0000000008000b14                __aeabi_dcmpge
                0x0000000008000b28                __aeabi_dcmpgt
 .text          0x0000000008000b3c       0x2c d:/stm32 cubeide 1.7.0/stm32cubeide_1.7.0/stm32cubeide/plugins/com.st.stm32cube.ide.mcu.externaltools.gnu-tools-for-stm32.9-2020-q2-update.win32_2.0.0.202105311346/tools/bin/../lib/gcc/arm-none-eabi/9.3.1/thumb/v7e-m+fp/hard\libgcc.a(_arm_unorddf2.o)
                0x0000000008000b3c                __unorddf2
                0x0000000008000b3c                __aeabi_dcmpun
 .text          0x0000000008000b68       0xa0 d:/stm32 cubeide 1.7.0/stm32cubeide_1.7.0/stm32cubeide/plugins/com.st.stm32cube.ide.mcu.externaltools.gnu-tools-for-stm32.9-2020-q2-update.win32_2.0.0.202105311346/tools/bin/../lib/gcc/arm-none-eabi/9.3.1/thumb/v7e-m+fp/hard\libgcc.a(_arm_truncdfsf2.o)
                0x0000000008000b68                __truncdfsf2
                0x0000000008000b68                __aeabi_d2f
 .text          0x0000000008000c08       0x30 d:/stm32 cubeide 1.7.0/stm32cubeide_1.7.0/stm32cubeide/plugins/com.st.stm32cube.ide.mcu.externaltools.gnu-tools-for-stm32.9-2020-q2-update.win32_2.0.0.202105311346/tools/bin/../lib/gcc/arm-none-eabi/9.3.1/thumb/v7e-m+fp/hard\libgcc.a(_aeabi_uldivmod.o)
                0x0000000008000c08                __aeabi_uldivmod
 .text          0x0000000008000c38      0x2c4 d:/stm32 cubeide 1.7.0/stm32cubeide_1.7.0/stm32cubeide/plugins/com.st.stm32cube.ide.mcu.externaltools.gnu-tools-for-stm32.9-2020-q2-update.win32_2.0.0.202105311346/tools/bin/../lib/gcc/arm-none-eabi/9.3.1/thumb/v7e-m+fp/hard\libgcc.a(_udivmoddi4.o)
                0x0000000008000c38                __udivmoddi4
 .text          0x0000000008000efc        0x4 d:/stm32 cubeide 1.7.0/stm32cubeide_1.7.0/stm32cubeide/plugins/com.st.stm32cube.ide.mcu.externaltools.gnu-tools-for-stm32.9-2020-q2-update.win32_2.0.0.202105311346/tools/bin/../lib/gcc/arm-none-eabi/9.3.1/thumb/v7e-m+fp/hard\libgcc.a(_dvmd_tls.o)
                0x0000000008000efc                __aeabi_idiv0
                0x0000000008000efc                __aeabi_ldiv0
 *(.text*)
 .text.uart_Print_accel
                0x0000000008000f00       0x7c ./Core/Src/app.o
 .text.accel_average
                0x0000000008000f7c       0x4c ./Core/Src/app.o
 .text.update_buffer
                0x0000000008000fc8       0x88 ./Core/Src/app.o
 .text.counting_average
                0x0000000008001050      0x148 ./Core/Src/app.o
 .text.app_init
                0x0000000008001198       0x28 ./Core/Src/app.o
                0x0000000008001198                app_init
 .text.app_game
                0x00000000080011c0       0x20 ./Core/Src/app.o
                0x00000000080011c0                app_game
 .text.app_loop
                0x00000000080011e0       0x10 ./Core/Src/app.o
                0x00000000080011e0                app_loop
 .text.LCD_draw_dot
                0x00000000080011f0       0xe0 ./Core/Src/ball.o
                0x00000000080011f0                LCD_draw_dot
 .text.create_diff_ball_size
                0x00000000080012d0       0x52 ./Core/Src/ball.o
 .text.clean_diff_ball_size
                0x0000000008001322       0x52 ./Core/Src/ball.o
 .text.LCD_Create_Ball
                0x0000000008001374       0x68 ./Core/Src/ball.o
                0x0000000008001374                LCD_Create_Ball
 .text.LCD_Clean_Ball
                0x00000000080013dc       0x32 ./Core/Src/ball.o
                0x00000000080013dc                LCD_Clean_Ball
 *fill*         0x000000000800140e        0x2 
 .text.moving_ball_horizontal_left
                0x0000000008001410       0x5c ./Core/Src/ball.o
                0x0000000008001410                moving_ball_horizontal_left
 .text.moving_ball_horizontal_right
                0x000000000800146c       0x68 ./Core/Src/ball.o
                0x000000000800146c                moving_ball_horizontal_right
 .text.moving_ball_vertical_up
                0x00000000080014d4       0x5c ./Core/Src/ball.o
                0x00000000080014d4                moving_ball_vertical_up
 .text.moving_ball_vertical_down
                0x0000000008001530       0x68 ./Core/Src/ball.o
                0x0000000008001530                moving_ball_vertical_down
 .text.moving_ball_left_top
                0x0000000008001598       0x6c ./Core/Src/ball.o
                0x0000000008001598                moving_ball_left_top
 .text.moving_ball_left_bottom
                0x0000000008001604       0x7c ./Core/Src/ball.o
                0x0000000008001604                moving_ball_left_bottom
 .text.moving_ball_right_top
                0x0000000008001680       0x7c ./Core/Src/ball.o
                0x0000000008001680                moving_ball_right_top
 .text.moving_ball_right_bottom
                0x00000000080016fc       0x88 ./Core/Src/ball.o
                0x00000000080016fc                moving_ball_right_bottom
 .text.Is_One_G
                0x0000000008001784       0x54 ./Core/Src/connect.o
 .text.IsNotMoving
                0x00000000080017d8       0x4c ./Core/Src/connect.o
 .text.Istitlingdirection
                0x0000000008001824       0xe8 ./Core/Src/connect.o
 .text.intialise_ball_starting_pos
                0x000000000800190c       0x44 ./Core/Src/connect.o
                0x000000000800190c                intialise_ball_starting_pos
 .text.tilting  0x0000000008001950      0x178 ./Core/Src/connect.o
                0x0000000008001950                tilting
 .text.delay_Init
                0x0000000008001ac8       0x14 ./Core/Src/delay.o
                0x0000000008001ac8                delay_Init
 .text.delay_us
                0x0000000008001adc       0x34 ./Core/Src/delay.o
                0x0000000008001adc                delay_us
 .text.isBallReachGoal
                0x0000000008001b10      0x148 ./Core/Src/gameLogic.o
                0x0000000008001b10                isBallReachGoal
 .text.checkingballCollision
                0x0000000008001c58      0x15c ./Core/Src/gameLogic.o
 .text.isTouchWall
                0x0000000008001db4       0x78 ./Core/Src/gameLogic.o
                0x0000000008001db4                isTouchWall
 .text.allblack
                0x0000000008001e2c       0x4a ./Core/Src/gameLogic.o
                0x0000000008001e2c                allblack
 .text.allwhite
                0x0000000008001e76       0x4a ./Core/Src/gameLogic.o
                0x0000000008001e76                allwhite
 .text.ChangingScenery
                0x0000000008001ec0       0x10 ./Core/Src/gameLogic.o
                0x0000000008001ec0                ChangingScenery
 .text.cal_score
                0x0000000008001ed0       0x54 ./Core/Src/gameLogic.o
                0x0000000008001ed0                cal_score
 .text.LCD_Init
                0x0000000008001f24       0x3a ./Core/Src/lcd.o
                0x0000000008001f24                LCD_Init
 *fill*         0x0000000008001f5e        0x2 
 .text.LCD_WriteData
                0x0000000008001f60       0x44 ./Core/Src/lcd.o
                0x0000000008001f60                LCD_WriteData
 .text.LCD_WriteCommand
                0x0000000008001fa4       0x44 ./Core/Src/lcd.o
                0x0000000008001fa4                LCD_WriteCommand
 .text.LCD_CleanBoard
                0x0000000008001fe8       0x4e ./Core/Src/lcd.o
                0x0000000008001fe8                LCD_CleanBoard
 *fill*         0x0000000008002036        0x2 
 .text.LCD_Set_Position
                0x0000000008002038       0x7c ./Core/Src/lcd.o
                0x0000000008002038                LCD_Set_Position
 .text.cal_Page_address
                0x00000000080020b4       0x22 ./Core/Src/lcd.o
                0x00000000080020b4                cal_Page_address
 .text.cal_pixel_shifting
                0x00000000080020d6       0x28 ./Core/Src/lcd.o
 .text.cal_hex_of_shifting
                0x00000000080020fe       0x20 ./Core/Src/lcd.o
 .text.cal_adding_previous_pixel_position
                0x000000000800211e       0x34 ./Core/Src/lcd.o
                0x000000000800211e                cal_adding_previous_pixel_position
 .text.cal_vanish_previous_pixel_position
                0x0000000008002152       0x1c ./Core/Src/lcd.o
                0x0000000008002152                cal_vanish_previous_pixel_position
 *fill*         0x000000000800216e        0x2 
 .text.RST_1    0x0000000008002170       0x18 ./Core/Src/lcd_pins.o
                0x0000000008002170                RST_1
 .text.DI_0     0x0000000008002188       0x18 ./Core/Src/lcd_pins.o
                0x0000000008002188                DI_0
 .text.RW_0     0x00000000080021a0       0x18 ./Core/Src/lcd_pins.o
                0x00000000080021a0                RW_0
 .text.EN_0     0x00000000080021b8       0x18 ./Core/Src/lcd_pins.o
                0x00000000080021b8                EN_0
 .text.EN_1     0x00000000080021d0       0x18 ./Core/Src/lcd_pins.o
                0x00000000080021d0                EN_1
 .text.activate_CS1_CS2
                0x00000000080021e8       0x24 ./Core/Src/lcd_pins.o
                0x00000000080021e8                activate_CS1_CS2
 .text.write_display_data
                0x000000000800220c       0x24 ./Core/Src/lcd_pins.o
                0x000000000800220c                write_display_data
 .text.write_display_command
                0x0000000008002230       0x24 ./Core/Src/lcd_pins.o
                0x0000000008002230                write_display_command
 .text.leftSide_Screen
                0x0000000008002254       0x24 ./Core/Src/lcd_pins.o
                0x0000000008002254                leftSide_Screen
 .text.rightSide_Screen
                0x0000000008002278       0x24 ./Core/Src/lcd_pins.o
                0x0000000008002278                rightSide_Screen
 .text.main     0x000000000800229c       0x2e ./Core/Src/main.o
                0x000000000800229c                main
 *fill*         0x00000000080022ca        0x2 
 .text.SystemClock_Config
                0x00000000080022cc       0xd8 ./Core/Src/main.o
                0x00000000080022cc                SystemClock_Config
 .text.MX_I2C1_Init
                0x00000000080023a4       0x5c ./Core/Src/main.o
 .text.MX_TIM1_Init
                0x0000000008002400       0xa0 ./Core/Src/main.o
 .text.MX_USART2_UART_Init
                0x00000000080024a0       0x54 ./Core/Src/main.o
 .text.MX_GPIO_Init
                0x00000000080024f4       0xec ./Core/Src/main.o
 .text.Error_Handler
                0x00000000080025e0        0xa ./Core/Src/main.o
                0x00000000080025e0                Error_Handler
 .text.Create_rectangular
                0x00000000080025ea       0x5c ./Core/Src/maps.o
                0x00000000080025ea                Create_rectangular
 .text.Create_exit
                0x0000000008002646       0x72 ./Core/Src/maps.o
                0x0000000008002646                Create_exit
 .text.map1     0x00000000080026b8       0x68 ./Core/Src/maps.o
                0x00000000080026b8                map1
 .text.map2     0x0000000008002720       0x68 ./Core/Src/maps.o
                0x0000000008002720                map2
 .text.map3     0x0000000008002788       0x68 ./Core/Src/maps.o
                0x0000000008002788                map3
 .text.map4     0x00000000080027f0       0x68 ./Core/Src/maps.o
                0x00000000080027f0                map4
 .text.MPU6050_init
                0x0000000008002858      0x154 ./Core/Src/mpu6050.o
                0x0000000008002858                MPU6050_init
 .text.MPU6050_read_accel
                0x00000000080029ac       0xfc ./Core/Src/mpu6050.o
                0x00000000080029ac                MPU6050_read_accel
 .text.MPU6050_tilt_angle
                0x0000000008002aa8      0x1c0 ./Core/Src/mpu6050.o
                0x0000000008002aa8                MPU6050_tilt_angle
 .text.startGame
                0x0000000008002c68       0x3e ./Core/Src/procudure.o
 *fill*         0x0000000008002ca6        0x2 
 .text.counter_start
                0x0000000008002ca8       0x18 ./Core/Src/procudure.o
 .text.counter_getCount
                0x0000000008002cc0       0x18 ./Core/Src/procudure.o
 .text.playgame
                0x0000000008002cd8       0x28 ./Core/Src/procudure.o
                0x0000000008002cd8                playgame
 .text.gameRunning
                0x0000000008002d00       0xd4 ./Core/Src/procudure.o
                0x0000000008002d00                gameRunning
 .text.create_V
                0x0000000008002dd4       0x8c ./Core/Src/score.o
 .text.create_Gameover
                0x0000000008002e60       0x54 ./Core/Src/score.o
 .text.create_success
                0x0000000008002eb4       0x50 ./Core/Src/score.o
 .text.create_score_sign
                0x0000000008002f04       0x50 ./Core/Src/score.o
 .text.create_zero
                0x0000000008002f54       0x50 ./Core/Src/score.o
 .text.create_one
                0x0000000008002fa4       0x50 ./Core/Src/score.o
 .text.create_two
                0x0000000008002ff4       0x50 ./Core/Src/score.o
 .text.create_three
                0x0000000008003044       0x50 ./Core/Src/score.o
 .text.create_four
                0x0000000008003094       0x50 ./Core/Src/score.o
 .text.create_five
                0x00000000080030e4       0x50 ./Core/Src/score.o
 .text.create_six
                0x0000000008003134       0x50 ./Core/Src/score.o
 .text.create_seven
                0x0000000008003184       0x50 ./Core/Src/score.o
 .text.create_eight
                0x00000000080031d4       0x50 ./Core/Src/score.o
 .text.final_score
                0x0000000008003224       0x78 ./Core/Src/score.o
 .text.failureScore
                0x000000000800329c       0x1e ./Core/Src/score.o
                0x000000000800329c                failureScore
 .text.goalScore
                0x00000000080032ba       0x1e ./Core/Src/score.o
                0x00000000080032ba                goalScore
 .text.HAL_MspInit
                0x00000000080032d8       0x50 ./Core/Src/stm32f4xx_hal_msp.o
                0x00000000080032d8                HAL_MspInit
 .text.HAL_I2C_MspInit
                0x0000000008003328       0x90 ./Core/Src/stm32f4xx_hal_msp.o
                0x0000000008003328                HAL_I2C_MspInit
 .text.HAL_TIM_Base_MspInit
                0x00000000080033b8       0x44 ./Core/Src/stm32f4xx_hal_msp.o
                0x00000000080033b8                HAL_TIM_Base_MspInit
 .text.HAL_UART_MspInit
                0x00000000080033fc       0x90 ./Core/Src/stm32f4xx_hal_msp.o
                0x00000000080033fc                HAL_UART_MspInit
 .text.NMI_Handler
                0x000000000800348c        0x6 ./Core/Src/stm32f4xx_it.o
                0x000000000800348c                NMI_Handler
 .text.HardFault_Handler
                0x0000000008003492        0x6 ./Core/Src/stm32f4xx_it.o
                0x0000000008003492                HardFault_Handler
 .text.MemManage_Handler
                0x0000000008003498        0x6 ./Core/Src/stm32f4xx_it.o
                0x0000000008003498                MemManage_Handler
 .text.BusFault_Handler
                0x000000000800349e        0x6 ./Core/Src/stm32f4xx_it.o
                0x000000000800349e                BusFault_Handler
 .text.UsageFault_Handler
                0x00000000080034a4        0x6 ./Core/Src/stm32f4xx_it.o
                0x00000000080034a4                UsageFault_Handler
 .text.SVC_Handler
                0x00000000080034aa        0xe ./Core/Src/stm32f4xx_it.o
                0x00000000080034aa                SVC_Handler
 .text.DebugMon_Handler
                0x00000000080034b8        0xe ./Core/Src/stm32f4xx_it.o
                0x00000000080034b8                DebugMon_Handler
 .text.PendSV_Handler
                0x00000000080034c6        0xe ./Core/Src/stm32f4xx_it.o
                0x00000000080034c6                PendSV_Handler
 .text.SysTick_Handler
                0x00000000080034d4       0x10 ./Core/Src/stm32f4xx_it.o
                0x00000000080034d4                SysTick_Handler
 .text._sbrk    0x00000000080034e4       0x6c ./Core/Src/sysmem.o
                0x00000000080034e4                _sbrk
 .text.SystemInit
                0x0000000008003550       0x24 ./Core/Src/system_stm32f4xx.o
                0x0000000008003550                SystemInit
 .text.timer_init
                0x0000000008003574       0x10 ./Core/Src/timer.o
                0x0000000008003574                timer_init
 .text.timer_register
                0x0000000008003584       0x7c ./Core/Src/timer.o
                0x0000000008003584                timer_register
 .text.timer_tick
                0x0000000008003600       0xa4 ./Core/Src/timer.o
                0x0000000008003600                timer_tick
 .text.Reset_Handler
                0x00000000080036a4       0x50 ./Core/Startup/startup_stm32f401retx.o
                0x00000000080036a4                Reset_Handler
 .text.Default_Handler
                0x00000000080036f4        0x2 ./Core/Startup/startup_stm32f401retx.o
                0x00000000080036f4                RTC_Alarm_IRQHandler
                0x00000000080036f4                EXTI2_IRQHandler
                0x00000000080036f4                SPI4_IRQHandler
                0x00000000080036f4                TIM1_CC_IRQHandler
                0x00000000080036f4                DMA2_Stream5_IRQHandler
                0x00000000080036f4                DMA1_Stream5_IRQHandler
                0x00000000080036f4                PVD_IRQHandler
                0x00000000080036f4                SDIO_IRQHandler
                0x00000000080036f4                TAMP_STAMP_IRQHandler
                0x00000000080036f4                EXTI3_IRQHandler
                0x00000000080036f4                TIM1_UP_TIM10_IRQHandler
                0x00000000080036f4                I2C3_ER_IRQHandler
                0x00000000080036f4                EXTI0_IRQHandler
                0x00000000080036f4                I2C2_EV_IRQHandler
                0x00000000080036f4                DMA1_Stream2_IRQHandler
                0x00000000080036f4                FPU_IRQHandler
                0x00000000080036f4                DMA2_Stream2_IRQHandler
                0x00000000080036f4                SPI1_IRQHandler
                0x00000000080036f4                TIM1_BRK_TIM9_IRQHandler
                0x00000000080036f4                DMA2_Stream3_IRQHandler
                0x00000000080036f4                USART6_IRQHandler
                0x00000000080036f4                DMA2_Stream0_IRQHandler
                0x00000000080036f4                TIM4_IRQHandler
                0x00000000080036f4                I2C1_EV_IRQHandler
                0x00000000080036f4                DMA1_Stream6_IRQHandler
                0x00000000080036f4                DMA1_Stream1_IRQHandler
                0x00000000080036f4                TIM3_IRQHandler
                0x00000000080036f4                RCC_IRQHandler
                0x00000000080036f4                Default_Handler
                0x00000000080036f4                EXTI15_10_IRQHandler
                0x00000000080036f4                ADC_IRQHandler
                0x00000000080036f4                DMA1_Stream7_IRQHandler
                0x00000000080036f4                TIM5_IRQHandler
                0x00000000080036f4                DMA2_Stream7_IRQHandler
                0x00000000080036f4                I2C3_EV_IRQHandler
                0x00000000080036f4                EXTI9_5_IRQHandler
                0x00000000080036f4                RTC_WKUP_IRQHandler
                0x00000000080036f4                SPI2_IRQHandler
                0x00000000080036f4                DMA1_Stream0_IRQHandler
                0x00000000080036f4                EXTI4_IRQHandler
                0x00000000080036f4                WWDG_IRQHandler
                0x00000000080036f4                TIM2_IRQHandler
                0x00000000080036f4                OTG_FS_WKUP_IRQHandler
                0x00000000080036f4                TIM1_TRG_COM_TIM11_IRQHandler
                0x00000000080036f4                EXTI1_IRQHandler
                0x00000000080036f4                USART2_IRQHandler
                0x00000000080036f4                I2C2_ER_IRQHandler
                0x00000000080036f4                DMA2_Stream1_IRQHandler
                0x00000000080036f4                FLASH_IRQHandler
                0x00000000080036f4                DMA2_Stream4_IRQHandler
                0x00000000080036f4                USART1_IRQHandler
                0x00000000080036f4                OTG_FS_IRQHandler
                0x00000000080036f4                SPI3_IRQHandler
                0x00000000080036f4                DMA1_Stream4_IRQHandler
                0x00000000080036f4                I2C1_ER_IRQHandler
                0x00000000080036f4                DMA2_Stream6_IRQHandler
                0x00000000080036f4                DMA1_Stream3_IRQHandler
 *fill*         0x00000000080036f6        0x2 
 .text.HAL_Init
                0x00000000080036f8       0x44 ./Drivers/STM32F4xx_HAL_Driver/Src/stm32f4xx_hal.o
                0x00000000080036f8                HAL_Init
 .text.HAL_InitTick
                0x000000000800373c       0x60 ./Drivers/STM32F4xx_HAL_Driver/Src/stm32f4xx_hal.o
                0x000000000800373c                HAL_InitTick
 .text.HAL_IncTick
                0x000000000800379c       0x28 ./Drivers/STM32F4xx_HAL_Driver/Src/stm32f4xx_hal.o
                0x000000000800379c                HAL_IncTick
 .text.HAL_GetTick
                0x00000000080037c4       0x18 ./Drivers/STM32F4xx_HAL_Driver/Src/stm32f4xx_hal.o
                0x00000000080037c4                HAL_GetTick
 .text.HAL_Delay
                0x00000000080037dc       0x48 ./Drivers/STM32F4xx_HAL_Driver/Src/stm32f4xx_hal.o
                0x00000000080037dc                HAL_Delay
 .text.__NVIC_SetPriorityGrouping
                0x0000000008003824       0x48 ./Drivers/STM32F4xx_HAL_Driver/Src/stm32f4xx_hal_cortex.o
 .text.__NVIC_GetPriorityGrouping
                0x000000000800386c       0x1c ./Drivers/STM32F4xx_HAL_Driver/Src/stm32f4xx_hal_cortex.o
 .text.__NVIC_SetPriority
                0x0000000008003888       0x54 ./Drivers/STM32F4xx_HAL_Driver/Src/stm32f4xx_hal_cortex.o
 .text.NVIC_EncodePriority
                0x00000000080038dc       0x66 ./Drivers/STM32F4xx_HAL_Driver/Src/stm32f4xx_hal_cortex.o
 *fill*         0x0000000008003942        0x2 
 .text.SysTick_Config
                0x0000000008003944       0x44 ./Drivers/STM32F4xx_HAL_Driver/Src/stm32f4xx_hal_cortex.o
 .text.HAL_NVIC_SetPriorityGrouping
                0x0000000008003988       0x16 ./Drivers/STM32F4xx_HAL_Driver/Src/stm32f4xx_hal_cortex.o
                0x0000000008003988                HAL_NVIC_SetPriorityGrouping
 .text.HAL_NVIC_SetPriority
                0x000000000800399e       0x38 ./Drivers/STM32F4xx_HAL_Driver/Src/stm32f4xx_hal_cortex.o
                0x000000000800399e                HAL_NVIC_SetPriority
 .text.HAL_SYSTICK_Config
                0x00000000080039d6       0x18 ./Drivers/STM32F4xx_HAL_Driver/Src/stm32f4xx_hal_cortex.o
                0x00000000080039d6                HAL_SYSTICK_Config
 *fill*         0x00000000080039ee        0x2 
 .text.HAL_GPIO_Init
                0x00000000080039f0      0x308 ./Drivers/STM32F4xx_HAL_Driver/Src/stm32f4xx_hal_gpio.o
                0x00000000080039f0                HAL_GPIO_Init
 .text.HAL_GPIO_WritePin
                0x0000000008003cf8       0x32 ./Drivers/STM32F4xx_HAL_Driver/Src/stm32f4xx_hal_gpio.o
                0x0000000008003cf8                HAL_GPIO_WritePin
 *fill*         0x0000000008003d2a        0x2 
 .text.HAL_I2C_Init
                0x0000000008003d2c      0x288 ./Drivers/STM32F4xx_HAL_Driver/Src/stm32f4xx_hal_i2c.o
                0x0000000008003d2c                HAL_I2C_Init
 .text.HAL_I2C_Mem_Write
                0x0000000008003fb4      0x1f4 ./Drivers/STM32F4xx_HAL_Driver/Src/stm32f4xx_hal_i2c.o
                0x0000000008003fb4                HAL_I2C_Mem_Write
 .text.HAL_I2C_Mem_Read
                0x00000000080041a8      0x44c ./Drivers/STM32F4xx_HAL_Driver/Src/stm32f4xx_hal_i2c.o
                0x00000000080041a8                HAL_I2C_Mem_Read
 .text.I2C_RequestMemoryWrite
                0x00000000080045f4      0x12c ./Drivers/STM32F4xx_HAL_Driver/Src/stm32f4xx_hal_i2c.o
 .text.I2C_RequestMemoryRead
                0x0000000008004720      0x1d0 ./Drivers/STM32F4xx_HAL_Driver/Src/stm32f4xx_hal_i2c.o
 .text.I2C_WaitOnFlagUntilTimeout
                0x00000000080048f0       0xae ./Drivers/STM32F4xx_HAL_Driver/Src/stm32f4xx_hal_i2c.o
 .text.I2C_WaitOnMasterAddressFlagUntilTimeout
                0x000000000800499e       0xfe ./Drivers/STM32F4xx_HAL_Driver/Src/stm32f4xx_hal_i2c.o
 .text.I2C_WaitOnTXEFlagUntilTimeout
                0x0000000008004a9c       0x82 ./Drivers/STM32F4xx_HAL_Driver/Src/stm32f4xx_hal_i2c.o
 .text.I2C_WaitOnBTFFlagUntilTimeout
                0x0000000008004b1e       0x82 ./Drivers/STM32F4xx_HAL_Driver/Src/stm32f4xx_hal_i2c.o
 .text.I2C_WaitOnRXNEFlagUntilTimeout
                0x0000000008004ba0       0xac ./Drivers/STM32F4xx_HAL_Driver/Src/stm32f4xx_hal_i2c.o
 .text.I2C_IsAcknowledgeFailed
                0x0000000008004c4c       0x5e ./Drivers/STM32F4xx_HAL_Driver/Src/stm32f4xx_hal_i2c.o
 *fill*         0x0000000008004caa        0x2 
 .text.HAL_RCC_OscConfig
                0x0000000008004cac      0x4f0 ./Drivers/STM32F4xx_HAL_Driver/Src/stm32f4xx_hal_rcc.o
                0x0000000008004cac                HAL_RCC_OscConfig
 .text.HAL_RCC_ClockConfig
                0x000000000800519c      0x1cc ./Drivers/STM32F4xx_HAL_Driver/Src/stm32f4xx_hal_rcc.o
                0x000000000800519c                HAL_RCC_ClockConfig
 .text.HAL_RCC_GetSysClockFreq
                0x0000000008005368      0x1c4 ./Drivers/STM32F4xx_HAL_Driver/Src/stm32f4xx_hal_rcc.o
                0x0000000008005368                HAL_RCC_GetSysClockFreq
 .text.HAL_RCC_GetHCLKFreq
                0x000000000800552c       0x18 ./Drivers/STM32F4xx_HAL_Driver/Src/stm32f4xx_hal_rcc.o
                0x000000000800552c                HAL_RCC_GetHCLKFreq
 .text.HAL_RCC_GetPCLK1Freq
                0x0000000008005544       0x28 ./Drivers/STM32F4xx_HAL_Driver/Src/stm32f4xx_hal_rcc.o
                0x0000000008005544                HAL_RCC_GetPCLK1Freq
 .text.HAL_RCC_GetPCLK2Freq
                0x000000000800556c       0x28 ./Drivers/STM32F4xx_HAL_Driver/Src/stm32f4xx_hal_rcc.o
                0x000000000800556c                HAL_RCC_GetPCLK2Freq
 .text.HAL_TIM_Base_Init
                0x0000000008005594       0x9e ./Drivers/STM32F4xx_HAL_Driver/Src/stm32f4xx_hal_tim.o
                0x0000000008005594                HAL_TIM_Base_Init
 *fill*         0x0000000008005632        0x2 
 .text.HAL_TIM_Base_Start
                0x0000000008005634       0xb4 ./Drivers/STM32F4xx_HAL_Driver/Src/stm32f4xx_hal_tim.o
                0x0000000008005634                HAL_TIM_Base_Start
 .text.HAL_TIM_ConfigClockSource
                0x00000000080056e8      0x18e ./Drivers/STM32F4xx_HAL_Driver/Src/stm32f4xx_hal_tim.o
                0x00000000080056e8                HAL_TIM_ConfigClockSource
 *fill*         0x0000000008005876        0x2 
 .text.TIM_Base_SetConfig
                0x0000000008005878      0x100 ./Drivers/STM32F4xx_HAL_Driver/Src/stm32f4xx_hal_tim.o
                0x0000000008005878                TIM_Base_SetConfig
 .text.TIM_TI1_ConfigInputStage
                0x0000000008005978       0x5e ./Drivers/STM32F4xx_HAL_Driver/Src/stm32f4xx_hal_tim.o
 .text.TIM_TI2_ConfigInputStage
                0x00000000080059d6       0x60 ./Drivers/STM32F4xx_HAL_Driver/Src/stm32f4xx_hal_tim.o
 .text.TIM_ITRx_SetConfig
                0x0000000008005a36       0x36 ./Drivers/STM32F4xx_HAL_Driver/Src/stm32f4xx_hal_tim.o
 .text.TIM_ETR_SetConfig
                0x0000000008005a6c       0x40 ./Drivers/STM32F4xx_HAL_Driver/Src/stm32f4xx_hal_tim.o
                0x0000000008005a6c                TIM_ETR_SetConfig
 .text.HAL_TIMEx_MasterConfigSynchronization
                0x0000000008005aac       0xdc ./Drivers/STM32F4xx_HAL_Driver/Src/stm32f4xx_hal_tim_ex.o
                0x0000000008005aac                HAL_TIMEx_MasterConfigSynchronization
 .text.HAL_UART_Init
                0x0000000008005b88       0x9a ./Drivers/STM32F4xx_HAL_Driver/Src/stm32f4xx_hal_uart.o
                0x0000000008005b88                HAL_UART_Init
 .text.HAL_UART_Transmit
                0x0000000008005c22      0x124 ./Drivers/STM32F4xx_HAL_Driver/Src/stm32f4xx_hal_uart.o
                0x0000000008005c22                HAL_UART_Transmit
 .text.UART_WaitOnFlagUntilTimeout
                0x0000000008005d46       0xdc ./Drivers/STM32F4xx_HAL_Driver/Src/stm32f4xx_hal_uart.o
 *fill*         0x0000000008005e22        0x2 
 .text.UART_SetConfig
                0x0000000008005e24      0x390 ./Drivers/STM32F4xx_HAL_Driver/Src/stm32f4xx_hal_uart.o
 .text.__errno  0x00000000080061b4        0xc d:/stm32 cubeide 1.7.0/stm32cubeide_1.7.0/stm32cubeide/plugins/com.st.stm32cube.ide.mcu.externaltools.gnu-tools-for-stm32.9-2020-q2-update.win32_2.0.0.202105311346/tools/bin/../lib/gcc/arm-none-eabi/9.3.1/../../../../arm-none-eabi/lib/thumb/v7e-m+fp/hard\libc_nano.a(lib_a-errno.o)
                0x00000000080061b4                __errno
 .text.__libc_init_array
                0x00000000080061c0       0x48 d:/stm32 cubeide 1.7.0/stm32cubeide_1.7.0/stm32cubeide/plugins/com.st.stm32cube.ide.mcu.externaltools.gnu-tools-for-stm32.9-2020-q2-update.win32_2.0.0.202105311346/tools/bin/../lib/gcc/arm-none-eabi/9.3.1/../../../../arm-none-eabi/lib/thumb/v7e-m+fp/hard\libc_nano.a(lib_a-init.o)
                0x00000000080061c0                __libc_init_array
 .text.memset   0x0000000008006208       0x10 d:/stm32 cubeide 1.7.0/stm32cubeide_1.7.0/stm32cubeide/plugins/com.st.stm32cube.ide.mcu.externaltools.gnu-tools-for-stm32.9-2020-q2-update.win32_2.0.0.202105311346/tools/bin/../lib/gcc/arm-none-eabi/9.3.1/../../../../arm-none-eabi/lib/thumb/v7e-m+fp/hard\libc_nano.a(lib_a-memset.o)
                0x0000000008006208                memset
 .text.sprintf  0x0000000008006218       0x40 d:/stm32 cubeide 1.7.0/stm32cubeide_1.7.0/stm32cubeide/plugins/com.st.stm32cube.ide.mcu.externaltools.gnu-tools-for-stm32.9-2020-q2-update.win32_2.0.0.202105311346/tools/bin/../lib/gcc/arm-none-eabi/9.3.1/../../../../arm-none-eabi/lib/thumb/v7e-m+fp/hard\libc_nano.a(lib_a-sprintf.o)
                0x0000000008006218                siprintf
                0x0000000008006218                sprintf
 .text.__ssputs_r
                0x0000000008006258       0xb6 d:/stm32 cubeide 1.7.0/stm32cubeide_1.7.0/stm32cubeide/plugins/com.st.stm32cube.ide.mcu.externaltools.gnu-tools-for-stm32.9-2020-q2-update.win32_2.0.0.202105311346/tools/bin/../lib/gcc/arm-none-eabi/9.3.1/../../../../arm-none-eabi/lib/thumb/v7e-m+fp/hard\libc_nano.a(lib_a-nano-svfprintf.o)
                0x0000000008006258                __ssputs_r
 *fill*         0x000000000800630e        0x2 
 .text._svfprintf_r
                0x0000000008006310      0x200 d:/stm32 cubeide 1.7.0/stm32cubeide_1.7.0/stm32cubeide/plugins/com.st.stm32cube.ide.mcu.externaltools.gnu-tools-for-stm32.9-2020-q2-update.win32_2.0.0.202105311346/tools/bin/../lib/gcc/arm-none-eabi/9.3.1/../../../../arm-none-eabi/lib/thumb/v7e-m+fp/hard\libc_nano.a(lib_a-nano-svfprintf.o)
                0x0000000008006310                _svfiprintf_r
                0x0000000008006310                _svfprintf_r
 .text._printf_common
                0x0000000008006510       0xda d:/stm32 cubeide 1.7.0/stm32cubeide_1.7.0/stm32cubeide/plugins/com.st.stm32cube.ide.mcu.externaltools.gnu-tools-for-stm32.9-2020-q2-update.win32_2.0.0.202105311346/tools/bin/../lib/gcc/arm-none-eabi/9.3.1/../../../../arm-none-eabi/lib/thumb/v7e-m+fp/hard\libc_nano.a(lib_a-nano-vfprintf_i.o)
                0x0000000008006510                _printf_common
 *fill*         0x00000000080065ea        0x2 
 .text._printf_i
                0x00000000080065ec      0x24c d:/stm32 cubeide 1.7.0/stm32cubeide_1.7.0/stm32cubeide/plugins/com.st.stm32cube.ide.mcu.externaltools.gnu-tools-for-stm32.9-2020-q2-update.win32_2.0.0.202105311346/tools/bin/../lib/gcc/arm-none-eabi/9.3.1/../../../../arm-none-eabi/lib/thumb/v7e-m+fp/hard\libc_nano.a(lib_a-nano-vfprintf_i.o)
                0x00000000080065ec                _printf_i
 .text.memcpy   0x0000000008006838       0x1c d:/stm32 cubeide 1.7.0/stm32cubeide_1.7.0/stm32cubeide/plugins/com.st.stm32cube.ide.mcu.externaltools.gnu-tools-for-stm32.9-2020-q2-update.win32_2.0.0.202105311346/tools/bin/../lib/gcc/arm-none-eabi/9.3.1/../../../../arm-none-eabi/lib/thumb/v7e-m+fp/hard\libc_nano.a(lib_a-memcpy-stub.o)
                0x0000000008006838                memcpy
 .text.memmove  0x0000000008006854       0x34 d:/stm32 cubeide 1.7.0/stm32cubeide_1.7.0/stm32cubeide/plugins/com.st.stm32cube.ide.mcu.externaltools.gnu-tools-for-stm32.9-2020-q2-update.win32_2.0.0.202105311346/tools/bin/../lib/gcc/arm-none-eabi/9.3.1/../../../../arm-none-eabi/lib/thumb/v7e-m+fp/hard\libc_nano.a(lib_a-memmove.o)
                0x0000000008006854                memmove
 .text._free_r  0x0000000008006888       0xa0 d:/stm32 cubeide 1.7.0/stm32cubeide_1.7.0/stm32cubeide/plugins/com.st.stm32cube.ide.mcu.externaltools.gnu-tools-for-stm32.9-2020-q2-update.win32_2.0.0.202105311346/tools/bin/../lib/gcc/arm-none-eabi/9.3.1/../../../../arm-none-eabi/lib/thumb/v7e-m+fp/hard\libc_nano.a(lib_a-nano-freer.o)
                0x0000000008006888                _free_r
 .text._malloc_r
                0x0000000008006928       0xb4 d:/stm32 cubeide 1.7.0/stm32cubeide_1.7.0/stm32cubeide/plugins/com.st.stm32cube.ide.mcu.externaltools.gnu-tools-for-stm32.9-2020-q2-update.win32_2.0.0.202105311346/tools/bin/../lib/gcc/arm-none-eabi/9.3.1/../../../../arm-none-eabi/lib/thumb/v7e-m+fp/hard\libc_nano.a(lib_a-nano-mallocr.o)
                0x0000000008006928                _malloc_r
 .text._realloc_r
                0x00000000080069dc       0x4c d:/stm32 cubeide 1.7.0/stm32cubeide_1.7.0/stm32cubeide/plugins/com.st.stm32cube.ide.mcu.externaltools.gnu-tools-for-stm32.9-2020-q2-update.win32_2.0.0.202105311346/tools/bin/../lib/gcc/arm-none-eabi/9.3.1/../../../../arm-none-eabi/lib/thumb/v7e-m+fp/hard\libc_nano.a(lib_a-nano-reallocr.o)
                0x00000000080069dc                _realloc_r
 .text._sbrk_r  0x0000000008006a28       0x20 d:/stm32 cubeide 1.7.0/stm32cubeide_1.7.0/stm32cubeide/plugins/com.st.stm32cube.ide.mcu.externaltools.gnu-tools-for-stm32.9-2020-q2-update.win32_2.0.0.202105311346/tools/bin/../lib/gcc/arm-none-eabi/9.3.1/../../../../arm-none-eabi/lib/thumb/v7e-m+fp/hard\libc_nano.a(lib_a-sbrkr.o)
                0x0000000008006a28                _sbrk_r
 .text.__malloc_lock
                0x0000000008006a48        0xc d:/stm32 cubeide 1.7.0/stm32cubeide_1.7.0/stm32cubeide/plugins/com.st.stm32cube.ide.mcu.externaltools.gnu-tools-for-stm32.9-2020-q2-update.win32_2.0.0.202105311346/tools/bin/../lib/gcc/arm-none-eabi/9.3.1/../../../../arm-none-eabi/lib/thumb/v7e-m+fp/hard\libc_nano.a(lib_a-mlock.o)
                0x0000000008006a48                __malloc_lock
 .text.__malloc_unlock
                0x0000000008006a54        0xc d:/stm32 cubeide 1.7.0/stm32cubeide_1.7.0/stm32cubeide/plugins/com.st.stm32cube.ide.mcu.externaltools.gnu-tools-for-stm32.9-2020-q2-update.win32_2.0.0.202105311346/tools/bin/../lib/gcc/arm-none-eabi/9.3.1/../../../../arm-none-eabi/lib/thumb/v7e-m+fp/hard\libc_nano.a(lib_a-mlock.o)
                0x0000000008006a54                __malloc_unlock
 .text._malloc_usable_size_r
                0x0000000008006a60       0x10 d:/stm32 cubeide 1.7.0/stm32cubeide_1.7.0/stm32cubeide/plugins/com.st.stm32cube.ide.mcu.externaltools.gnu-tools-for-stm32.9-2020-q2-update.win32_2.0.0.202105311346/tools/bin/../lib/gcc/arm-none-eabi/9.3.1/../../../../arm-none-eabi/lib/thumb/v7e-m+fp/hard\libc_nano.a(lib_a-nano-msizer.o)
                0x0000000008006a60                _malloc_usable_size_r
 .text.__retarget_lock_acquire_recursive
                0x0000000008006a70        0x2 d:/stm32 cubeide 1.7.0/stm32cubeide_1.7.0/stm32cubeide/plugins/com.st.stm32cube.ide.mcu.externaltools.gnu-tools-for-stm32.9-2020-q2-update.win32_2.0.0.202105311346/tools/bin/../lib/gcc/arm-none-eabi/9.3.1/../../../../arm-none-eabi/lib/thumb/v7e-m+fp/hard\libc_nano.a(lib_a-lock.o)
                0x0000000008006a70                __retarget_lock_acquire_recursive
 .text.__retarget_lock_release_recursive
                0x0000000008006a72        0x2 d:/stm32 cubeide 1.7.0/stm32cubeide_1.7.0/stm32cubeide/plugins/com.st.stm32cube.ide.mcu.externaltools.gnu-tools-for-stm32.9-2020-q2-update.win32_2.0.0.202105311346/tools/bin/../lib/gcc/arm-none-eabi/9.3.1/../../../../arm-none-eabi/lib/thumb/v7e-m+fp/hard\libc_nano.a(lib_a-lock.o)
                0x0000000008006a72                __retarget_lock_release_recursive
 *fill*         0x0000000008006a74        0x4 
 .text.atan     0x0000000008006a78      0x340 d:/stm32 cubeide 1.7.0/stm32cubeide_1.7.0/stm32cubeide/plugins/com.st.stm32cube.ide.mcu.externaltools.gnu-tools-for-stm32.9-2020-q2-update.win32_2.0.0.202105311346/tools/bin/../lib/gcc/arm-none-eabi/9.3.1/../../../../arm-none-eabi/lib/thumb/v7e-m+fp/hard\libm.a(lib_a-s_atan.o)
                0x0000000008006a78                atan
 .text.fabs     0x0000000008006db8       0x12 d:/stm32 cubeide 1.7.0/stm32cubeide_1.7.0/stm32cubeide/plugins/com.st.stm32cube.ide.mcu.externaltools.gnu-tools-for-stm32.9-2020-q2-update.win32_2.0.0.202105311346/tools/bin/../lib/gcc/arm-none-eabi/9.3.1/../../../../arm-none-eabi/lib/thumb/v7e-m+fp/hard\libm.a(lib_a-s_fabs.o)
                0x0000000008006db8                fabs
 *fill*         0x0000000008006dca        0x2 
 .text.pow      0x0000000008006dcc      0x15c d:/stm32 cubeide 1.7.0/stm32cubeide_1.7.0/stm32cubeide/plugins/com.st.stm32cube.ide.mcu.externaltools.gnu-tools-for-stm32.9-2020-q2-update.win32_2.0.0.202105311346/tools/bin/../lib/gcc/arm-none-eabi/9.3.1/../../../../arm-none-eabi/lib/thumb/v7e-m+fp/hard\libm.a(lib_a-w_pow.o)
                0x0000000008006dcc                pow
 .text.sqrt     0x0000000008006f28       0x68 d:/stm32 cubeide 1.7.0/stm32cubeide_1.7.0/stm32cubeide/plugins/com.st.stm32cube.ide.mcu.externaltools.gnu-tools-for-stm32.9-2020-q2-update.win32_2.0.0.202105311346/tools/bin/../lib/gcc/arm-none-eabi/9.3.1/../../../../arm-none-eabi/lib/thumb/v7e-m+fp/hard\libm.a(lib_a-w_sqrt.o)
                0x0000000008006f28                sqrt
 .text.__ieee754_pow
                0x0000000008006f90      0xa44 d:/stm32 cubeide 1.7.0/stm32cubeide_1.7.0/stm32cubeide/plugins/com.st.stm32cube.ide.mcu.externaltools.gnu-tools-for-stm32.9-2020-q2-update.win32_2.0.0.202105311346/tools/bin/../lib/gcc/arm-none-eabi/9.3.1/../../../../arm-none-eabi/lib/thumb/v7e-m+fp/hard\libm.a(lib_a-e_pow.o)
                0x0000000008006f90                __ieee754_pow
 .text.__ieee754_sqrt
                0x00000000080079d4      0x168 d:/stm32 cubeide 1.7.0/stm32cubeide_1.7.0/stm32cubeide/plugins/com.st.stm32cube.ide.mcu.externaltools.gnu-tools-for-stm32.9-2020-q2-update.win32_2.0.0.202105311346/tools/bin/../lib/gcc/arm-none-eabi/9.3.1/../../../../arm-none-eabi/lib/thumb/v7e-m+fp/hard\libm.a(lib_a-e_sqrt.o)
                0x00000000080079d4                __ieee754_sqrt
 .text.finite   0x0000000008007b3c       0x16 d:/stm32 cubeide 1.7.0/stm32cubeide_1.7.0/stm32cubeide/plugins/com.st.stm32cube.ide.mcu.externaltools.gnu-tools-for-stm32.9-2020-q2-update.win32_2.0.0.202105311346/tools/bin/../lib/gcc/arm-none-eabi/9.3.1/../../../../arm-none-eabi/lib/thumb/v7e-m+fp/hard\libm.a(lib_a-s_finite.o)
                0x0000000008007b3c                finite
 *fill*         0x0000000008007b52        0x6 
 .text.nan      0x0000000008007b58       0x10 d:/stm32 cubeide 1.7.0/stm32cubeide_1.7.0/stm32cubeide/plugins/com.st.stm32cube.ide.mcu.externaltools.gnu-tools-for-stm32.9-2020-q2-update.win32_2.0.0.202105311346/tools/bin/../lib/gcc/arm-none-eabi/9.3.1/../../../../arm-none-eabi/lib/thumb/v7e-m+fp/hard\libm.a(lib_a-s_nan.o)
                0x0000000008007b58                nan
 .text.rint     0x0000000008007b68      0x114 d:/stm32 cubeide 1.7.0/stm32cubeide_1.7.0/stm32cubeide/plugins/com.st.stm32cube.ide.mcu.externaltools.gnu-tools-for-stm32.9-2020-q2-update.win32_2.0.0.202105311346/tools/bin/../lib/gcc/arm-none-eabi/9.3.1/../../../../arm-none-eabi/lib/thumb/v7e-m+fp/hard\libm.a(lib_a-s_rint.o)
                0x0000000008007b68                rint
 *fill*         0x0000000008007c7c        0x4 
 .text.scalbn   0x0000000008007c80      0x10c d:/stm32 cubeide 1.7.0/stm32cubeide_1.7.0/stm32cubeide/plugins/com.st.stm32cube.ide.mcu.externaltools.gnu-tools-for-stm32.9-2020-q2-update.win32_2.0.0.202105311346/tools/bin/../lib/gcc/arm-none-eabi/9.3.1/../../../../arm-none-eabi/lib/thumb/v7e-m+fp/hard\libm.a(lib_a-s_scalbn.o)
                0x0000000008007c80                scalbn
 *(.glue_7)
 .glue_7        0x0000000008007d8c        0x0 linker stubs
 *(.glue_7t)
 .glue_7t       0x0000000008007d8c        0x0 linker stubs
 *(.eh_frame)
 .eh_frame      0x0000000008007d8c        0x0 d:/stm32 cubeide 1.7.0/stm32cubeide_1.7.0/stm32cubeide/plugins/com.st.stm32cube.ide.mcu.externaltools.gnu-tools-for-stm32.9-2020-q2-update.win32_2.0.0.202105311346/tools/bin/../lib/gcc/arm-none-eabi/9.3.1/thumb/v7e-m+fp/hard/crtbegin.o
 *(.init)
 .init          0x0000000008007d8c        0x4 d:/stm32 cubeide 1.7.0/stm32cubeide_1.7.0/stm32cubeide/plugins/com.st.stm32cube.ide.mcu.externaltools.gnu-tools-for-stm32.9-2020-q2-update.win32_2.0.0.202105311346/tools/bin/../lib/gcc/arm-none-eabi/9.3.1/thumb/v7e-m+fp/hard/crti.o
                0x0000000008007d8c                _init
 .init          0x0000000008007d90        0x8 d:/stm32 cubeide 1.7.0/stm32cubeide_1.7.0/stm32cubeide/plugins/com.st.stm32cube.ide.mcu.externaltools.gnu-tools-for-stm32.9-2020-q2-update.win32_2.0.0.202105311346/tools/bin/../lib/gcc/arm-none-eabi/9.3.1/thumb/v7e-m+fp/hard/crtn.o
 *(.fini)
 .fini          0x0000000008007d98        0x4 d:/stm32 cubeide 1.7.0/stm32cubeide_1.7.0/stm32cubeide/plugins/com.st.stm32cube.ide.mcu.externaltools.gnu-tools-for-stm32.9-2020-q2-update.win32_2.0.0.202105311346/tools/bin/../lib/gcc/arm-none-eabi/9.3.1/thumb/v7e-m+fp/hard/crti.o
                0x0000000008007d98                _fini
 .fini          0x0000000008007d9c        0x8 d:/stm32 cubeide 1.7.0/stm32cubeide_1.7.0/stm32cubeide/plugins/com.st.stm32cube.ide.mcu.externaltools.gnu-tools-for-stm32.9-2020-q2-update.win32_2.0.0.202105311346/tools/bin/../lib/gcc/arm-none-eabi/9.3.1/thumb/v7e-m+fp/hard/crtn.o
                0x0000000008007da4                . = ALIGN (0x4)
                0x0000000008007da4                _etext = .

.vfp11_veneer   0x0000000008007da4        0x0
 .vfp11_veneer  0x0000000008007da4        0x0 linker stubs

.v4_bx          0x0000000008007da4        0x0
 .v4_bx         0x0000000008007da4        0x0 linker stubs

.iplt           0x0000000008007da4        0x0
 .iplt          0x0000000008007da4        0x0 d:/stm32 cubeide 1.7.0/stm32cubeide_1.7.0/stm32cubeide/plugins/com.st.stm32cube.ide.mcu.externaltools.gnu-tools-for-stm32.9-2020-q2-update.win32_2.0.0.202105311346/tools/bin/../lib/gcc/arm-none-eabi/9.3.1/thumb/v7e-m+fp/hard/crtbegin.o

.rodata         0x0000000008007da8      0x150
                0x0000000008007da8                . = ALIGN (0x4)
 *(.rodata)
 .rodata        0x0000000008007da8       0x2e ./Core/Src/app.o
 *fill*         0x0000000008007dd6        0x2 
 .rodata        0x0000000008007dd8       0x13 ./Core/Src/lcd.o
 *fill*         0x0000000008007deb        0x1 
 .rodata        0x0000000008007dec       0x3b ./Core/Src/mpu6050.o
 *(.rodata*)
 *fill*         0x0000000008007e27        0x1 
 .rodata.AHBPrescTable
                0x0000000008007e28       0x10 ./Core/Src/system_stm32f4xx.o
                0x0000000008007e28                AHBPrescTable
 .rodata.APBPrescTable
                0x0000000008007e38        0x8 ./Core/Src/system_stm32f4xx.o
                0x0000000008007e38                APBPrescTable
 .rodata._svfprintf_r.str1.1
                0x0000000008007e40       0x11 d:/stm32 cubeide 1.7.0/stm32cubeide_1.7.0/stm32cubeide/plugins/com.st.stm32cube.ide.mcu.externaltools.gnu-tools-for-stm32.9-2020-q2-update.win32_2.0.0.202105311346/tools/bin/../lib/gcc/arm-none-eabi/9.3.1/../../../../arm-none-eabi/lib/thumb/v7e-m+fp/hard\libc_nano.a(lib_a-nano-svfprintf.o)
 .rodata._printf_i.str1.1
                0x0000000008007e51       0x22 d:/stm32 cubeide 1.7.0/stm32cubeide_1.7.0/stm32cubeide/plugins/com.st.stm32cube.ide.mcu.externaltools.gnu-tools-for-stm32.9-2020-q2-update.win32_2.0.0.202105311346/tools/bin/../lib/gcc/arm-none-eabi/9.3.1/../../../../arm-none-eabi/lib/thumb/v7e-m+fp/hard\libc_nano.a(lib_a-nano-vfprintf_i.o)
 *fill*         0x0000000008007e73        0x5 
 .rodata.atanhi
                0x0000000008007e78       0x20 d:/stm32 cubeide 1.7.0/stm32cubeide_1.7.0/stm32cubeide/plugins/com.st.stm32cube.ide.mcu.externaltools.gnu-tools-for-stm32.9-2020-q2-update.win32_2.0.0.202105311346/tools/bin/../lib/gcc/arm-none-eabi/9.3.1/../../../../arm-none-eabi/lib/thumb/v7e-m+fp/hard\libm.a(lib_a-s_atan.o)
 .rodata.atanlo
                0x0000000008007e98       0x20 d:/stm32 cubeide 1.7.0/stm32cubeide_1.7.0/stm32cubeide/plugins/com.st.stm32cube.ide.mcu.externaltools.gnu-tools-for-stm32.9-2020-q2-update.win32_2.0.0.202105311346/tools/bin/../lib/gcc/arm-none-eabi/9.3.1/../../../../arm-none-eabi/lib/thumb/v7e-m+fp/hard\libm.a(lib_a-s_atan.o)
 .rodata.__ieee754_pow.str1.1
                0x0000000008007eb8       0x22 d:/stm32 cubeide 1.7.0/stm32cubeide_1.7.0/stm32cubeide/plugins/com.st.stm32cube.ide.mcu.externaltools.gnu-tools-for-stm32.9-2020-q2-update.win32_2.0.0.202105311346/tools/bin/../lib/gcc/arm-none-eabi/9.3.1/../../../../arm-none-eabi/lib/thumb/v7e-m+fp/hard\libm.a(lib_a-e_pow.o)
                                          0x1 (size before relaxing)
 .rodata.bp     0x0000000008007eb8       0x10 d:/stm32 cubeide 1.7.0/stm32cubeide_1.7.0/stm32cubeide/plugins/com.st.stm32cube.ide.mcu.externaltools.gnu-tools-for-stm32.9-2020-q2-update.win32_2.0.0.202105311346/tools/bin/../lib/gcc/arm-none-eabi/9.3.1/../../../../arm-none-eabi/lib/thumb/v7e-m+fp/hard\libm.a(lib_a-e_pow.o)
 .rodata.dp_h   0x0000000008007ec8       0x10 d:/stm32 cubeide 1.7.0/stm32cubeide_1.7.0/stm32cubeide/plugins/com.st.stm32cube.ide.mcu.externaltools.gnu-tools-for-stm32.9-2020-q2-update.win32_2.0.0.202105311346/tools/bin/../lib/gcc/arm-none-eabi/9.3.1/../../../../arm-none-eabi/lib/thumb/v7e-m+fp/hard\libm.a(lib_a-e_pow.o)
 .rodata.dp_l   0x0000000008007ed8       0x10 d:/stm32 cubeide 1.7.0/stm32cubeide_1.7.0/stm32cubeide/plugins/com.st.stm32cube.ide.mcu.externaltools.gnu-tools-for-stm32.9-2020-q2-update.win32_2.0.0.202105311346/tools/bin/../lib/gcc/arm-none-eabi/9.3.1/../../../../arm-none-eabi/lib/thumb/v7e-m+fp/hard\libm.a(lib_a-e_pow.o)
 .rodata.TWO52  0x0000000008007ee8       0x10 d:/stm32 cubeide 1.7.0/stm32cubeide_1.7.0/stm32cubeide/plugins/com.st.stm32cube.ide.mcu.externaltools.gnu-tools-for-stm32.9-2020-q2-update.win32_2.0.0.202105311346/tools/bin/../lib/gcc/arm-none-eabi/9.3.1/../../../../arm-none-eabi/lib/thumb/v7e-m+fp/hard\libm.a(lib_a-s_rint.o)
                0x0000000008007ef8                . = ALIGN (0x4)

.ARM.extab      0x0000000008007ef8        0x0
                0x0000000008007ef8                . = ALIGN (0x4)
 *(.ARM.extab* .gnu.linkonce.armextab.*)
                0x0000000008007ef8                . = ALIGN (0x4)

.ARM            0x0000000008007ef8        0x8
                0x0000000008007ef8                . = ALIGN (0x4)
                0x0000000008007ef8                __exidx_start = .
 *(.ARM.exidx*)
 .ARM.exidx     0x0000000008007ef8        0x8 d:/stm32 cubeide 1.7.0/stm32cubeide_1.7.0/stm32cubeide/plugins/com.st.stm32cube.ide.mcu.externaltools.gnu-tools-for-stm32.9-2020-q2-update.win32_2.0.0.202105311346/tools/bin/../lib/gcc/arm-none-eabi/9.3.1/thumb/v7e-m+fp/hard\libgcc.a(_udivmoddi4.o)
                0x0000000008007f00                __exidx_end = .
                0x0000000008007f00                . = ALIGN (0x4)

.rel.dyn        0x0000000008007f00        0x0
 .rel.iplt      0x0000000008007f00        0x0 d:/stm32 cubeide 1.7.0/stm32cubeide_1.7.0/stm32cubeide/plugins/com.st.stm32cube.ide.mcu.externaltools.gnu-tools-for-stm32.9-2020-q2-update.win32_2.0.0.202105311346/tools/bin/../lib/gcc/arm-none-eabi/9.3.1/thumb/v7e-m+fp/hard/crtbegin.o

.preinit_array  0x0000000008007f00        0x0
                0x0000000008007f00                . = ALIGN (0x4)
                0x0000000008007f00                PROVIDE (__preinit_array_start = .)
 *(.preinit_array*)
                0x0000000008007f00                PROVIDE (__preinit_array_end = .)
                0x0000000008007f00                . = ALIGN (0x4)

.init_array     0x0000000008007f00        0x4
                0x0000000008007f00                . = ALIGN (0x4)
                0x0000000008007f00                PROVIDE (__init_array_start = .)
 *(SORT_BY_NAME(.init_array.*))
 *(.init_array*)
 .init_array    0x0000000008007f00        0x4 d:/stm32 cubeide 1.7.0/stm32cubeide_1.7.0/stm32cubeide/plugins/com.st.stm32cube.ide.mcu.externaltools.gnu-tools-for-stm32.9-2020-q2-update.win32_2.0.0.202105311346/tools/bin/../lib/gcc/arm-none-eabi/9.3.1/thumb/v7e-m+fp/hard/crtbegin.o
                0x0000000008007f04                PROVIDE (__init_array_end = .)
                0x0000000008007f04                . = ALIGN (0x4)

.fini_array     0x0000000008007f04        0x4
                0x0000000008007f04                . = ALIGN (0x4)
                [!provide]                        PROVIDE (__fini_array_start = .)
 *(SORT_BY_NAME(.fini_array.*))
 *(.fini_array*)
 .fini_array    0x0000000008007f04        0x4 d:/stm32 cubeide 1.7.0/stm32cubeide_1.7.0/stm32cubeide/plugins/com.st.stm32cube.ide.mcu.externaltools.gnu-tools-for-stm32.9-2020-q2-update.win32_2.0.0.202105311346/tools/bin/../lib/gcc/arm-none-eabi/9.3.1/thumb/v7e-m+fp/hard/crtbegin.o
                [!provide]                        PROVIDE (__fini_array_end = .)
                0x0000000008007f08                . = ALIGN (0x4)
                0x0000000008007f08                _sidata = LOADADDR (.data)

.data           0x0000000020000000      0x360 load address 0x0000000008007f08
                0x0000000020000000                . = ALIGN (0x4)
                0x0000000020000000                _sdata = .
 *(.data)
 *(.data*)
 .data.accel_buffer_output
                0x0000000020000000        0x6 ./Core/Src/app.o
                0x0000000020000000                accel_buffer_output
 *fill*         0x0000000020000006        0x2 
 .data.update_accel_buffer_output
                0x0000000020000008        0x6 ./Core/Src/app.o
                0x0000000020000008                update_accel_buffer_output
 *fill*         0x000000002000000e        0x2 
 .data.mapsArray
                0x0000000020000010        0x4 ./Core/Src/maps.o
                0x0000000020000010                mapsArray
 .data.map_1    0x0000000020000014       0x30 ./Core/Src/maps.o
                0x0000000020000014                map_1
 .data.map_2    0x0000000020000044       0x3c ./Core/Src/maps.o
                0x0000000020000044                map_2
 .data.map_3    0x0000000020000080       0x38 ./Core/Src/maps.o
                0x0000000020000080                map_3
 .data.map_4    0x00000000200000b8       0x38 ./Core/Src/maps.o
                0x00000000200000b8                map_4
 .data.exit_1   0x00000000200000f0        0x4 ./Core/Src/maps.o
                0x00000000200000f0                exit_1
 .data.exit_2   0x00000000200000f4        0x4 ./Core/Src/maps.o
                0x00000000200000f4                exit_2
 .data.exit_3   0x00000000200000f8        0x4 ./Core/Src/maps.o
                0x00000000200000f8                exit_3
 .data.exit_4   0x00000000200000fc        0x4 ./Core/Src/maps.o
                0x00000000200000fc                exit_4
 .data.lsb_sens
                0x0000000020000100        0x4 ./Core/Src/mpu6050.o
 .data.rad_to_deg
                0x0000000020000104        0x4 ./Core/Src/mpu6050.o
 .data.Gameover
                0x0000000020000108       0x78 ./Core/Src/score.o
 .data.v        0x0000000020000180        0x8 ./Core/Src/score.o
 .data.score    0x0000000020000188       0x54 ./Core/Src/score.o
 .data.success  0x00000000200001dc       0x78 ./Core/Src/score.o
 .data.zero     0x0000000020000254       0x10 ./Core/Src/score.o
 .data.one      0x0000000020000264        0x4 ./Core/Src/score.o
 .data.two      0x0000000020000268       0x14 ./Core/Src/score.o
 .data.three    0x000000002000027c       0x14 ./Core/Src/score.o
 .data.four     0x0000000020000290        0xc ./Core/Src/score.o
 .data.five     0x000000002000029c       0x14 ./Core/Src/score.o
 .data.six      0x00000000200002b0       0x18 ./Core/Src/score.o
 .data.seven    0x00000000200002c8        0x8 ./Core/Src/score.o
 .data.eight    0x00000000200002d0       0x1c ./Core/Src/score.o
 .data.SystemCoreClock
                0x00000000200002ec        0x4 ./Core/Src/system_stm32f4xx.o
                0x00000000200002ec                SystemCoreClock
 .data.uwTickPrio
                0x00000000200002f0        0x4 ./Drivers/STM32F4xx_HAL_Driver/Src/stm32f4xx_hal.o
                0x00000000200002f0                uwTickPrio
 .data.uwTickFreq
                0x00000000200002f4        0x1 ./Drivers/STM32F4xx_HAL_Driver/Src/stm32f4xx_hal.o
                0x00000000200002f4                uwTickFreq
 *fill*         0x00000000200002f5        0x3 
 .data._impure_ptr
                0x00000000200002f8        0x4 d:/stm32 cubeide 1.7.0/stm32cubeide_1.7.0/stm32cubeide/plugins/com.st.stm32cube.ide.mcu.externaltools.gnu-tools-for-stm32.9-2020-q2-update.win32_2.0.0.202105311346/tools/bin/../lib/gcc/arm-none-eabi/9.3.1/../../../../arm-none-eabi/lib/thumb/v7e-m+fp/hard\libc_nano.a(lib_a-impure.o)
                0x00000000200002f8                _impure_ptr
 .data.impure_data
                0x00000000200002fc       0x60 d:/stm32 cubeide 1.7.0/stm32cubeide_1.7.0/stm32cubeide/plugins/com.st.stm32cube.ide.mcu.externaltools.gnu-tools-for-stm32.9-2020-q2-update.win32_2.0.0.202105311346/tools/bin/../lib/gcc/arm-none-eabi/9.3.1/../../../../arm-none-eabi/lib/thumb/v7e-m+fp/hard\libc_nano.a(lib_a-impure.o)
 .data.__fdlib_version
                0x000000002000035c        0x1 d:/stm32 cubeide 1.7.0/stm32cubeide_1.7.0/stm32cubeide/plugins/com.st.stm32cube.ide.mcu.externaltools.gnu-tools-for-stm32.9-2020-q2-update.win32_2.0.0.202105311346/tools/bin/../lib/gcc/arm-none-eabi/9.3.1/../../../../arm-none-eabi/lib/thumb/v7e-m+fp/hard\libm.a(lib_a-s_lib_ver.o)
                0x000000002000035c                __fdlib_version
 *(.RamFunc)
 *(.RamFunc*)
                0x0000000020000360                . = ALIGN (0x4)
 *fill*         0x000000002000035d        0x3 
                0x0000000020000360                _edata = .

.igot.plt       0x0000000020000360        0x0 load address 0x0000000008008268
 .igot.plt      0x0000000020000360        0x0 d:/stm32 cubeide 1.7.0/stm32cubeide_1.7.0/stm32cubeide/plugins/com.st.stm32cube.ide.mcu.externaltools.gnu-tools-for-stm32.9-2020-q2-update.win32_2.0.0.202105311346/tools/bin/../lib/gcc/arm-none-eabi/9.3.1/thumb/v7e-m+fp/hard/crtbegin.o
                0x0000000020000360                . = ALIGN (0x4)

.bss            0x0000000020000360      0x6d0 load address 0x0000000008008268
                0x0000000020000360                _sbss = .
                0x0000000020000360                __bss_start__ = _sbss
 *(.bss)
 .bss           0x0000000020000360       0x1c d:/stm32 cubeide 1.7.0/stm32cubeide_1.7.0/stm32cubeide/plugins/com.st.stm32cube.ide.mcu.externaltools.gnu-tools-for-stm32.9-2020-q2-update.win32_2.0.0.202105311346/tools/bin/../lib/gcc/arm-none-eabi/9.3.1/thumb/v7e-m+fp/hard/crtbegin.o
 *(.bss*)
 .bss.print_Buffer_accel
                0x000000002000037c       0x40 ./Core/Src/app.o
 .bss.buffer_accel_X
                0x00000000200003bc       0x28 ./Core/Src/app.o
 .bss.buffer_accel_Y
                0x00000000200003e4       0x28 ./Core/Src/app.o
 .bss.buffer_accel_Z
                0x000000002000040c       0x28 ./Core/Src/app.o
 .bss.buffer_angle_x
                0x0000000020000434       0x28 ./Core/Src/app.o
 .bss.buffer_angle_y
                0x000000002000045c       0x28 ./Core/Src/app.o
 .bss.AX_final  0x0000000020000484        0x2 ./Core/Src/app.o
 .bss.AY_final  0x0000000020000486        0x2 ./Core/Src/app.o
 .bss.AZ_final  0x0000000020000488        0x2 ./Core/Src/app.o
 .bss.TX_final  0x000000002000048a        0x2 ./Core/Src/app.o
 .bss.TY_final  0x000000002000048c        0x2 ./Core/Src/app.o
 *fill*         0x000000002000048e        0x2 
 .bss.angle_buffer_output
                0x0000000020000490        0x4 ./Core/Src/app.o
                0x0000000020000490                angle_buffer_output
 .bss.update_angle_buffer_output
                0x0000000020000494        0x4 ./Core/Src/app.o
                0x0000000020000494                update_angle_buffer_output
 .bss.RAM_buffer
                0x0000000020000498      0x400 ./Core/Src/ball.o
 .bss.record_coord
                0x0000000020000898        0x4 ./Core/Src/ball.o
                0x0000000020000898                record_coord
 .bss.level     0x000000002000089c        0x4 ./Core/Src/procudure.o
                0x000000002000089c                level
 .bss.point     0x00000000200008a0        0x4 ./Core/Src/procudure.o
                0x00000000200008a0                point
 .bss.start_time
                0x00000000200008a4        0x4 ./Core/Src/procudure.o
 .bss.tempscore
                0x00000000200008a8        0x4 ./Core/Src/procudure.o
 .bss.__sbrk_heap_end
                0x00000000200008ac        0x4 ./Core/Src/sysmem.o
 .bss.funNumber
                0x00000000200008b0        0x1 ./Core/Src/timer.o
                0x00000000200008b0                funNumber
 *fill*         0x00000000200008b1        0x3 
 .bss.__malloc_free_list
                0x00000000200008b4        0x4 d:/stm32 cubeide 1.7.0/stm32cubeide_1.7.0/stm32cubeide/plugins/com.st.stm32cube.ide.mcu.externaltools.gnu-tools-for-stm32.9-2020-q2-update.win32_2.0.0.202105311346/tools/bin/../lib/gcc/arm-none-eabi/9.3.1/../../../../arm-none-eabi/lib/thumb/v7e-m+fp/hard\libc_nano.a(lib_a-nano-mallocr.o)
                0x00000000200008b4                __malloc_free_list
 .bss.__malloc_sbrk_start
                0x00000000200008b8        0x4 d:/stm32 cubeide 1.7.0/stm32cubeide_1.7.0/stm32cubeide/plugins/com.st.stm32cube.ide.mcu.externaltools.gnu-tools-for-stm32.9-2020-q2-update.win32_2.0.0.202105311346/tools/bin/../lib/gcc/arm-none-eabi/9.3.1/../../../../arm-none-eabi/lib/thumb/v7e-m+fp/hard\libc_nano.a(lib_a-nano-mallocr.o)
                0x00000000200008b8                __malloc_sbrk_start
 *(COMMON)
 COMMON         0x00000000200008bc       0x44 ./Core/Src/app.o
                0x00000000200008bc                huart2
 COMMON         0x0000000020000900       0x48 ./Core/Src/delay.o
                0x0000000020000900                htim1
 COMMON         0x0000000020000948       0x54 ./Core/Src/main.o
                0x0000000020000948                hi2c1
 COMMON         0x000000002000099c       0x1c ./Core/Src/mpu6050.o
                0x000000002000099c                AX_raw
                0x000000002000099e                AZ_raw
                0x00000000200009a0                AY
                0x00000000200009a4                TY_raw
                0x00000000200009a8                AY_raw
                0x00000000200009aa                TY
                0x00000000200009ac                AZ
                0x00000000200009b0                TX_raw
                0x00000000200009b4                TX
                0x00000000200009b6                AX
 COMMON         0x00000000200009b8        0x4 ./Core/Src/procudure.o
                0x00000000200009b8                counter
 COMMON         0x00000000200009bc       0x60 ./Core/Src/timer.o
                0x00000000200009bc                fct
 COMMON         0x0000000020000a1c        0x4 ./Drivers/STM32F4xx_HAL_Driver/Src/stm32f4xx_hal.o
                0x0000000020000a1c                uwTick
 COMMON         0x0000000020000a20        0x4 d:/stm32 cubeide 1.7.0/stm32cubeide_1.7.0/stm32cubeide/plugins/com.st.stm32cube.ide.mcu.externaltools.gnu-tools-for-stm32.9-2020-q2-update.win32_2.0.0.202105311346/tools/bin/../lib/gcc/arm-none-eabi/9.3.1/../../../../arm-none-eabi/lib/thumb/v7e-m+fp/hard\libc_nano.a(lib_a-reent.o)
                0x0000000020000a20                errno
 COMMON         0x0000000020000a24        0x9 d:/stm32 cubeide 1.7.0/stm32cubeide_1.7.0/stm32cubeide/plugins/com.st.stm32cube.ide.mcu.externaltools.gnu-tools-for-stm32.9-2020-q2-update.win32_2.0.0.202105311346/tools/bin/../lib/gcc/arm-none-eabi/9.3.1/../../../../arm-none-eabi/lib/thumb/v7e-m+fp/hard\libc_nano.a(lib_a-lock.o)
                0x0000000020000a24                __lock___atexit_recursive_mutex
                0x0000000020000a25                __lock___arc4random_mutex
                0x0000000020000a26                __lock___env_recursive_mutex
                0x0000000020000a27                __lock___sinit_recursive_mutex
                0x0000000020000a28                __lock___malloc_recursive_mutex
                0x0000000020000a29                __lock___at_quick_exit_mutex
                0x0000000020000a2a                __lock___dd_hash_mutex
                0x0000000020000a2b                __lock___tz_mutex
                0x0000000020000a2c                __lock___sfp_recursive_mutex
                0x0000000020000a30                . = ALIGN (0x4)
 *fill*         0x0000000020000a2d        0x3 
                0x0000000020000a30                _ebss = .
                0x0000000020000a30                __bss_end__ = _ebss

._user_heap_stack
                0x0000000020000a30      0x600 load address 0x0000000008008268
                0x0000000020000a30                . = ALIGN (0x8)
                [!provide]                        PROVIDE (end = .)
                0x0000000020000a30                PROVIDE (_end = .)
                0x0000000020000c30                . = (. + _Min_Heap_Size)
 *fill*         0x0000000020000a30      0x200 
                0x0000000020001030                . = (. + _Min_Stack_Size)
 *fill*         0x0000000020000c30      0x400 
                0x0000000020001030                . = ALIGN (0x8)

/DISCARD/
 libc.a(*)
 libm.a(*)
 libgcc.a(*)

.ARM.attributes
                0x0000000000000000       0x30
 *(.ARM.attributes)
 .ARM.attributes
                0x0000000000000000       0x1e d:/stm32 cubeide 1.7.0/stm32cubeide_1.7.0/stm32cubeide/plugins/com.st.stm32cube.ide.mcu.externaltools.gnu-tools-for-stm32.9-2020-q2-update.win32_2.0.0.202105311346/tools/bin/../lib/gcc/arm-none-eabi/9.3.1/thumb/v7e-m+fp/hard/crti.o
 .ARM.attributes
                0x000000000000001e       0x34 d:/stm32 cubeide 1.7.0/stm32cubeide_1.7.0/stm32cubeide/plugins/com.st.stm32cube.ide.mcu.externaltools.gnu-tools-for-stm32.9-2020-q2-update.win32_2.0.0.202105311346/tools/bin/../lib/gcc/arm-none-eabi/9.3.1/thumb/v7e-m+fp/hard/crtbegin.o
 .ARM.attributes
                0x0000000000000052       0x34 ./Core/Src/app.o
 .ARM.attributes
                0x0000000000000086       0x34 ./Core/Src/ball.o
 .ARM.attributes
                0x00000000000000ba       0x34 ./Core/Src/connect.o
 .ARM.attributes
                0x00000000000000ee       0x34 ./Core/Src/delay.o
 .ARM.attributes
                0x0000000000000122       0x34 ./Core/Src/gameLogic.o
 .ARM.attributes
                0x0000000000000156       0x34 ./Core/Src/lcd.o
 .ARM.attributes
                0x000000000000018a       0x34 ./Core/Src/lcd_pins.o
 .ARM.attributes
                0x00000000000001be       0x34 ./Core/Src/main.o
 .ARM.attributes
                0x00000000000001f2       0x34 ./Core/Src/maps.o
 .ARM.attributes
                0x0000000000000226       0x34 ./Core/Src/mpu6050.o
 .ARM.attributes
                0x000000000000025a       0x34 ./Core/Src/procudure.o
 .ARM.attributes
                0x000000000000028e       0x34 ./Core/Src/score.o
 .ARM.attributes
                0x00000000000002c2       0x34 ./Core/Src/stm32f4xx_hal_msp.o
 .ARM.attributes
                0x00000000000002f6       0x34 ./Core/Src/stm32f4xx_it.o
 .ARM.attributes
                0x000000000000032a       0x34 ./Core/Src/sysmem.o
 .ARM.attributes
                0x000000000000035e       0x34 ./Core/Src/system_stm32f4xx.o
 .ARM.attributes
                0x0000000000000392       0x34 ./Core/Src/timer.o
 .ARM.attributes
                0x00000000000003c6       0x21 ./Core/Startup/startup_stm32f401retx.o
 .ARM.attributes
                0x00000000000003e7       0x34 ./Drivers/STM32F4xx_HAL_Driver/Src/stm32f4xx_hal.o
 .ARM.attributes
                0x000000000000041b       0x34 ./Drivers/STM32F4xx_HAL_Driver/Src/stm32f4xx_hal_cortex.o
 .ARM.attributes
                0x000000000000044f       0x34 ./Drivers/STM32F4xx_HAL_Driver/Src/stm32f4xx_hal_gpio.o
 .ARM.attributes
                0x0000000000000483       0x34 ./Drivers/STM32F4xx_HAL_Driver/Src/stm32f4xx_hal_i2c.o
 .ARM.attributes
                0x00000000000004b7       0x34 ./Drivers/STM32F4xx_HAL_Driver/Src/stm32f4xx_hal_rcc.o
 .ARM.attributes
                0x00000000000004eb       0x34 ./Drivers/STM32F4xx_HAL_Driver/Src/stm32f4xx_hal_tim.o
 .ARM.attributes
                0x000000000000051f       0x34 ./Drivers/STM32F4xx_HAL_Driver/Src/stm32f4xx_hal_tim_ex.o
 .ARM.attributes
                0x0000000000000553       0x34 ./Drivers/STM32F4xx_HAL_Driver/Src/stm32f4xx_hal_uart.o
 .ARM.attributes
                0x0000000000000587       0x34 d:/stm32 cubeide 1.7.0/stm32cubeide_1.7.0/stm32cubeide/plugins/com.st.stm32cube.ide.mcu.externaltools.gnu-tools-for-stm32.9-2020-q2-update.win32_2.0.0.202105311346/tools/bin/../lib/gcc/arm-none-eabi/9.3.1/../../../../arm-none-eabi/lib/thumb/v7e-m+fp/hard\libc_nano.a(lib_a-errno.o)
 .ARM.attributes
                0x00000000000005bb       0x32 d:/stm32 cubeide 1.7.0/stm32cubeide_1.7.0/stm32cubeide/plugins/com.st.stm32cube.ide.mcu.externaltools.gnu-tools-for-stm32.9-2020-q2-update.win32_2.0.0.202105311346/tools/bin/../lib/gcc/arm-none-eabi/9.3.1/../../../../arm-none-eabi/lib/thumb/v7e-m+fp/hard\libc_nano.a(lib_a-impure.o)
 .ARM.attributes
                0x00000000000005ed       0x34 d:/stm32 cubeide 1.7.0/stm32cubeide_1.7.0/stm32cubeide/plugins/com.st.stm32cube.ide.mcu.externaltools.gnu-tools-for-stm32.9-2020-q2-update.win32_2.0.0.202105311346/tools/bin/../lib/gcc/arm-none-eabi/9.3.1/../../../../arm-none-eabi/lib/thumb/v7e-m+fp/hard\libc_nano.a(lib_a-init.o)
 .ARM.attributes
                0x0000000000000621       0x34 d:/stm32 cubeide 1.7.0/stm32cubeide_1.7.0/stm32cubeide/plugins/com.st.stm32cube.ide.mcu.externaltools.gnu-tools-for-stm32.9-2020-q2-update.win32_2.0.0.202105311346/tools/bin/../lib/gcc/arm-none-eabi/9.3.1/../../../../arm-none-eabi/lib/thumb/v7e-m+fp/hard\libc_nano.a(lib_a-memset.o)
 .ARM.attributes
                0x0000000000000655       0x34 d:/stm32 cubeide 1.7.0/stm32cubeide_1.7.0/stm32cubeide/plugins/com.st.stm32cube.ide.mcu.externaltools.gnu-tools-for-stm32.9-2020-q2-update.win32_2.0.0.202105311346/tools/bin/../lib/gcc/arm-none-eabi/9.3.1/../../../../arm-none-eabi/lib/thumb/v7e-m+fp/hard\libc_nano.a(lib_a-sprintf.o)
 .ARM.attributes
                0x0000000000000689       0x17 d:/stm32 cubeide 1.7.0/stm32cubeide_1.7.0/stm32cubeide/plugins/com.st.stm32cube.ide.mcu.externaltools.gnu-tools-for-stm32.9-2020-q2-update.win32_2.0.0.202105311346/tools/bin/../lib/gcc/arm-none-eabi/9.3.1/../../../../arm-none-eabi/lib/thumb/v7e-m+fp/hard\libc_nano.a(lib_a-strlen.o)
 .ARM.attributes
                0x00000000000006a0       0x34 d:/stm32 cubeide 1.7.0/stm32cubeide_1.7.0/stm32cubeide/plugins/com.st.stm32cube.ide.mcu.externaltools.gnu-tools-for-stm32.9-2020-q2-update.win32_2.0.0.202105311346/tools/bin/../lib/gcc/arm-none-eabi/9.3.1/../../../../arm-none-eabi/lib/thumb/v7e-m+fp/hard\libc_nano.a(lib_a-nano-svfprintf.o)
 .ARM.attributes
                0x00000000000006d4       0x34 d:/stm32 cubeide 1.7.0/stm32cubeide_1.7.0/stm32cubeide/plugins/com.st.stm32cube.ide.mcu.externaltools.gnu-tools-for-stm32.9-2020-q2-update.win32_2.0.0.202105311346/tools/bin/../lib/gcc/arm-none-eabi/9.3.1/../../../../arm-none-eabi/lib/thumb/v7e-m+fp/hard\libc_nano.a(lib_a-nano-vfprintf_i.o)
 .ARM.attributes
                0x0000000000000708       0x1c d:/stm32 cubeide 1.7.0/stm32cubeide_1.7.0/stm32cubeide/plugins/com.st.stm32cube.ide.mcu.externaltools.gnu-tools-for-stm32.9-2020-q2-update.win32_2.0.0.202105311346/tools/bin/../lib/gcc/arm-none-eabi/9.3.1/../../../../arm-none-eabi/lib/thumb/v7e-m+fp/hard\libc_nano.a(lib_a-memchr.o)
 .ARM.attributes
                0x0000000000000724       0x34 d:/stm32 cubeide 1.7.0/stm32cubeide_1.7.0/stm32cubeide/plugins/com.st.stm32cube.ide.mcu.externaltools.gnu-tools-for-stm32.9-2020-q2-update.win32_2.0.0.202105311346/tools/bin/../lib/gcc/arm-none-eabi/9.3.1/../../../../arm-none-eabi/lib/thumb/v7e-m+fp/hard\libc_nano.a(lib_a-memcpy-stub.o)
 .ARM.attributes
                0x0000000000000758       0x34 d:/stm32 cubeide 1.7.0/stm32cubeide_1.7.0/stm32cubeide/plugins/com.st.stm32cube.ide.mcu.externaltools.gnu-tools-for-stm32.9-2020-q2-update.win32_2.0.0.202105311346/tools/bin/../lib/gcc/arm-none-eabi/9.3.1/../../../../arm-none-eabi/lib/thumb/v7e-m+fp/hard\libc_nano.a(lib_a-memmove.o)
 .ARM.attributes
                0x000000000000078c       0x34 d:/stm32 cubeide 1.7.0/stm32cubeide_1.7.0/stm32cubeide/plugins/com.st.stm32cube.ide.mcu.externaltools.gnu-tools-for-stm32.9-2020-q2-update.win32_2.0.0.202105311346/tools/bin/../lib/gcc/arm-none-eabi/9.3.1/../../../../arm-none-eabi/lib/thumb/v7e-m+fp/hard\libc_nano.a(lib_a-nano-freer.o)
 .ARM.attributes
                0x00000000000007c0       0x34 d:/stm32 cubeide 1.7.0/stm32cubeide_1.7.0/stm32cubeide/plugins/com.st.stm32cube.ide.mcu.externaltools.gnu-tools-for-stm32.9-2020-q2-update.win32_2.0.0.202105311346/tools/bin/../lib/gcc/arm-none-eabi/9.3.1/../../../../arm-none-eabi/lib/thumb/v7e-m+fp/hard\libc_nano.a(lib_a-nano-mallocr.o)
 .ARM.attributes
                0x00000000000007f4       0x34 d:/stm32 cubeide 1.7.0/stm32cubeide_1.7.0/stm32cubeide/plugins/com.st.stm32cube.ide.mcu.externaltools.gnu-tools-for-stm32.9-2020-q2-update.win32_2.0.0.202105311346/tools/bin/../lib/gcc/arm-none-eabi/9.3.1/../../../../arm-none-eabi/lib/thumb/v7e-m+fp/hard\libc_nano.a(lib_a-nano-reallocr.o)
 .ARM.attributes
                0x0000000000000828       0x34 d:/stm32 cubeide 1.7.0/stm32cubeide_1.7.0/stm32cubeide/plugins/com.st.stm32cube.ide.mcu.externaltools.gnu-tools-for-stm32.9-2020-q2-update.win32_2.0.0.202105311346/tools/bin/../lib/gcc/arm-none-eabi/9.3.1/../../../../arm-none-eabi/lib/thumb/v7e-m+fp/hard\libc_nano.a(lib_a-sbrkr.o)
 .ARM.attributes
                0x000000000000085c       0x34 d:/stm32 cubeide 1.7.0/stm32cubeide_1.7.0/stm32cubeide/plugins/com.st.stm32cube.ide.mcu.externaltools.gnu-tools-for-stm32.9-2020-q2-update.win32_2.0.0.202105311346/tools/bin/../lib/gcc/arm-none-eabi/9.3.1/../../../../arm-none-eabi/lib/thumb/v7e-m+fp/hard\libc_nano.a(lib_a-mlock.o)
 .ARM.attributes
                0x0000000000000890       0x34 d:/stm32 cubeide 1.7.0/stm32cubeide_1.7.0/stm32cubeide/plugins/com.st.stm32cube.ide.mcu.externaltools.gnu-tools-for-stm32.9-2020-q2-update.win32_2.0.0.202105311346/tools/bin/../lib/gcc/arm-none-eabi/9.3.1/../../../../arm-none-eabi/lib/thumb/v7e-m+fp/hard\libc_nano.a(lib_a-nano-msizer.o)
 .ARM.attributes
                0x00000000000008c4       0x34 d:/stm32 cubeide 1.7.0/stm32cubeide_1.7.0/stm32cubeide/plugins/com.st.stm32cube.ide.mcu.externaltools.gnu-tools-for-stm32.9-2020-q2-update.win32_2.0.0.202105311346/tools/bin/../lib/gcc/arm-none-eabi/9.3.1/../../../../arm-none-eabi/lib/thumb/v7e-m+fp/hard\libc_nano.a(lib_a-reent.o)
 .ARM.attributes
                0x00000000000008f8       0x34 d:/stm32 cubeide 1.7.0/stm32cubeide_1.7.0/stm32cubeide/plugins/com.st.stm32cube.ide.mcu.externaltools.gnu-tools-for-stm32.9-2020-q2-update.win32_2.0.0.202105311346/tools/bin/../lib/gcc/arm-none-eabi/9.3.1/../../../../arm-none-eabi/lib/thumb/v7e-m+fp/hard\libc_nano.a(lib_a-lock.o)
 .ARM.attributes
                0x000000000000092c       0x34 d:/stm32 cubeide 1.7.0/stm32cubeide_1.7.0/stm32cubeide/plugins/com.st.stm32cube.ide.mcu.externaltools.gnu-tools-for-stm32.9-2020-q2-update.win32_2.0.0.202105311346/tools/bin/../lib/gcc/arm-none-eabi/9.3.1/../../../../arm-none-eabi/lib/thumb/v7e-m+fp/hard\libm.a(lib_a-s_atan.o)
 .ARM.attributes
                0x0000000000000960       0x34 d:/stm32 cubeide 1.7.0/stm32cubeide_1.7.0/stm32cubeide/plugins/com.st.stm32cube.ide.mcu.externaltools.gnu-tools-for-stm32.9-2020-q2-update.win32_2.0.0.202105311346/tools/bin/../lib/gcc/arm-none-eabi/9.3.1/../../../../arm-none-eabi/lib/thumb/v7e-m+fp/hard\libm.a(lib_a-s_fabs.o)
 .ARM.attributes
                0x0000000000000994       0x34 d:/stm32 cubeide 1.7.0/stm32cubeide_1.7.0/stm32cubeide/plugins/com.st.stm32cube.ide.mcu.externaltools.gnu-tools-for-stm32.9-2020-q2-update.win32_2.0.0.202105311346/tools/bin/../lib/gcc/arm-none-eabi/9.3.1/../../../../arm-none-eabi/lib/thumb/v7e-m+fp/hard\libm.a(lib_a-w_pow.o)
 .ARM.attributes
                0x00000000000009c8       0x34 d:/stm32 cubeide 1.7.0/stm32cubeide_1.7.0/stm32cubeide/plugins/com.st.stm32cube.ide.mcu.externaltools.gnu-tools-for-stm32.9-2020-q2-update.win32_2.0.0.202105311346/tools/bin/../lib/gcc/arm-none-eabi/9.3.1/../../../../arm-none-eabi/lib/thumb/v7e-m+fp/hard\libm.a(lib_a-w_sqrt.o)
 .ARM.attributes
                0x00000000000009fc       0x34 d:/stm32 cubeide 1.7.0/stm32cubeide_1.7.0/stm32cubeide/plugins/com.st.stm32cube.ide.mcu.externaltools.gnu-tools-for-stm32.9-2020-q2-update.win32_2.0.0.202105311346/tools/bin/../lib/gcc/arm-none-eabi/9.3.1/../../../../arm-none-eabi/lib/thumb/v7e-m+fp/hard\libm.a(lib_a-e_pow.o)
 .ARM.attributes
                0x0000000000000a30       0x34 d:/stm32 cubeide 1.7.0/stm32cubeide_1.7.0/stm32cubeide/plugins/com.st.stm32cube.ide.mcu.externaltools.gnu-tools-for-stm32.9-2020-q2-update.win32_2.0.0.202105311346/tools/bin/../lib/gcc/arm-none-eabi/9.3.1/../../../../arm-none-eabi/lib/thumb/v7e-m+fp/hard\libm.a(lib_a-e_sqrt.o)
 .ARM.attributes
                0x0000000000000a64       0x34 d:/stm32 cubeide 1.7.0/stm32cubeide_1.7.0/stm32cubeide/plugins/com.st.stm32cube.ide.mcu.externaltools.gnu-tools-for-stm32.9-2020-q2-update.win32_2.0.0.202105311346/tools/bin/../lib/gcc/arm-none-eabi/9.3.1/../../../../arm-none-eabi/lib/thumb/v7e-m+fp/hard\libm.a(lib_a-s_finite.o)
 .ARM.attributes
                0x0000000000000a98       0x32 d:/stm32 cubeide 1.7.0/stm32cubeide_1.7.0/stm32cubeide/plugins/com.st.stm32cube.ide.mcu.externaltools.gnu-tools-for-stm32.9-2020-q2-update.win32_2.0.0.202105311346/tools/bin/../lib/gcc/arm-none-eabi/9.3.1/../../../../arm-none-eabi/lib/thumb/v7e-m+fp/hard\libm.a(lib_a-s_lib_ver.o)
 .ARM.attributes
                0x0000000000000aca       0x34 d:/stm32 cubeide 1.7.0/stm32cubeide_1.7.0/stm32cubeide/plugins/com.st.stm32cube.ide.mcu.externaltools.gnu-tools-for-stm32.9-2020-q2-update.win32_2.0.0.202105311346/tools/bin/../lib/gcc/arm-none-eabi/9.3.1/../../../../arm-none-eabi/lib/thumb/v7e-m+fp/hard\libm.a(lib_a-s_nan.o)
 .ARM.attributes
                0x0000000000000afe       0x34 d:/stm32 cubeide 1.7.0/stm32cubeide_1.7.0/stm32cubeide/plugins/com.st.stm32cube.ide.mcu.externaltools.gnu-tools-for-stm32.9-2020-q2-update.win32_2.0.0.202105311346/tools/bin/../lib/gcc/arm-none-eabi/9.3.1/../../../../arm-none-eabi/lib/thumb/v7e-m+fp/hard\libm.a(lib_a-s_rint.o)
 .ARM.attributes
                0x0000000000000b32       0x34 d:/stm32 cubeide 1.7.0/stm32cubeide_1.7.0/stm32cubeide/plugins/com.st.stm32cube.ide.mcu.externaltools.gnu-tools-for-stm32.9-2020-q2-update.win32_2.0.0.202105311346/tools/bin/../lib/gcc/arm-none-eabi/9.3.1/../../../../arm-none-eabi/lib/thumb/v7e-m+fp/hard\libm.a(lib_a-s_scalbn.o)
 .ARM.attributes
                0x0000000000000b66       0x1e d:/stm32 cubeide 1.7.0/stm32cubeide_1.7.0/stm32cubeide/plugins/com.st.stm32cube.ide.mcu.externaltools.gnu-tools-for-stm32.9-2020-q2-update.win32_2.0.0.202105311346/tools/bin/../lib/gcc/arm-none-eabi/9.3.1/thumb/v7e-m+fp/hard\libgcc.a(_arm_addsubdf3.o)
 .ARM.attributes
                0x0000000000000b84       0x1e d:/stm32 cubeide 1.7.0/stm32cubeide_1.7.0/stm32cubeide/plugins/com.st.stm32cube.ide.mcu.externaltools.gnu-tools-for-stm32.9-2020-q2-update.win32_2.0.0.202105311346/tools/bin/../lib/gcc/arm-none-eabi/9.3.1/thumb/v7e-m+fp/hard\libgcc.a(_arm_muldivdf3.o)
 .ARM.attributes
                0x0000000000000ba2       0x1e d:/stm32 cubeide 1.7.0/stm32cubeide_1.7.0/stm32cubeide/plugins/com.st.stm32cube.ide.mcu.externaltools.gnu-tools-for-stm32.9-2020-q2-update.win32_2.0.0.202105311346/tools/bin/../lib/gcc/arm-none-eabi/9.3.1/thumb/v7e-m+fp/hard\libgcc.a(_arm_cmpdf2.o)
 .ARM.attributes
                0x0000000000000bc0       0x1e d:/stm32 cubeide 1.7.0/stm32cubeide_1.7.0/stm32cubeide/plugins/com.st.stm32cube.ide.mcu.externaltools.gnu-tools-for-stm32.9-2020-q2-update.win32_2.0.0.202105311346/tools/bin/../lib/gcc/arm-none-eabi/9.3.1/thumb/v7e-m+fp/hard\libgcc.a(_arm_unorddf2.o)
 .ARM.attributes
                0x0000000000000bde       0x1e d:/stm32 cubeide 1.7.0/stm32cubeide_1.7.0/stm32cubeide/plugins/com.st.stm32cube.ide.mcu.externaltools.gnu-tools-for-stm32.9-2020-q2-update.win32_2.0.0.202105311346/tools/bin/../lib/gcc/arm-none-eabi/9.3.1/thumb/v7e-m+fp/hard\libgcc.a(_arm_truncdfsf2.o)
 .ARM.attributes
                0x0000000000000bfc       0x1e d:/stm32 cubeide 1.7.0/stm32cubeide_1.7.0/stm32cubeide/plugins/com.st.stm32cube.ide.mcu.externaltools.gnu-tools-for-stm32.9-2020-q2-update.win32_2.0.0.202105311346/tools/bin/../lib/gcc/arm-none-eabi/9.3.1/thumb/v7e-m+fp/hard\libgcc.a(_aeabi_uldivmod.o)
 .ARM.attributes
                0x0000000000000c1a       0x34 d:/stm32 cubeide 1.7.0/stm32cubeide_1.7.0/stm32cubeide/plugins/com.st.stm32cube.ide.mcu.externaltools.gnu-tools-for-stm32.9-2020-q2-update.win32_2.0.0.202105311346/tools/bin/../lib/gcc/arm-none-eabi/9.3.1/thumb/v7e-m+fp/hard\libgcc.a(_udivmoddi4.o)
 .ARM.attributes
                0x0000000000000c4e       0x1e d:/stm32 cubeide 1.7.0/stm32cubeide_1.7.0/stm32cubeide/plugins/com.st.stm32cube.ide.mcu.externaltools.gnu-tools-for-stm32.9-2020-q2-update.win32_2.0.0.202105311346/tools/bin/../lib/gcc/arm-none-eabi/9.3.1/thumb/v7e-m+fp/hard\libgcc.a(_dvmd_tls.o)
 .ARM.attributes
                0x0000000000000c6c       0x1e d:/stm32 cubeide 1.7.0/stm32cubeide_1.7.0/stm32cubeide/plugins/com.st.stm32cube.ide.mcu.externaltools.gnu-tools-for-stm32.9-2020-q2-update.win32_2.0.0.202105311346/tools/bin/../lib/gcc/arm-none-eabi/9.3.1/thumb/v7e-m+fp/hard/crtn.o
OUTPUT(xI2C_ACCE.elf elf32-littlearm)
LOAD linker stubs
LOAD d:/stm32 cubeide 1.7.0/stm32cubeide_1.7.0/stm32cubeide/plugins/com.st.stm32cube.ide.mcu.externaltools.gnu-tools-for-stm32.9-2020-q2-update.win32_2.0.0.202105311346/tools/bin/../lib/gcc/arm-none-eabi/9.3.1/../../../../arm-none-eabi/lib/thumb/v7e-m+fp/hard\libc.a
LOAD d:/stm32 cubeide 1.7.0/stm32cubeide_1.7.0/stm32cubeide/plugins/com.st.stm32cube.ide.mcu.externaltools.gnu-tools-for-stm32.9-2020-q2-update.win32_2.0.0.202105311346/tools/bin/../lib/gcc/arm-none-eabi/9.3.1/../../../../arm-none-eabi/lib/thumb/v7e-m+fp/hard\libm.a
LOAD d:/stm32 cubeide 1.7.0/stm32cubeide_1.7.0/stm32cubeide/plugins/com.st.stm32cube.ide.mcu.externaltools.gnu-tools-for-stm32.9-2020-q2-update.win32_2.0.0.202105311346/tools/bin/../lib/gcc/arm-none-eabi/9.3.1/thumb/v7e-m+fp/hard\libgcc.a

.debug_info     0x0000000000000000    0x17ebf
 .debug_info    0x0000000000000000     0x1304 ./Core/Src/app.o
 .debug_info    0x0000000000001304      0x842 ./Core/Src/ball.o
 .debug_info    0x0000000000001b46      0xbfa ./Core/Src/connect.o
 .debug_info    0x0000000000002740      0x79a ./Core/Src/delay.o
 .debug_info    0x0000000000002eda      0x8fb ./Core/Src/gameLogic.o
 .debug_info    0x00000000000037d5      0x954 ./Core/Src/lcd.o
 .debug_info    0x0000000000004129      0x37a ./Core/Src/lcd_pins.o
 .debug_info    0x00000000000044a3     0x1482 ./Core/Src/main.o
 .debug_info    0x0000000000005925      0xc10 ./Core/Src/maps.o
 .debug_info    0x0000000000006535     0x1425 ./Core/Src/mpu6050.o
 .debug_info    0x000000000000795a     0x110b ./Core/Src/procudure.o
 .debug_info    0x0000000000008a65      0x5ca ./Core/Src/score.o
 .debug_info    0x000000000000902f     0x1118 ./Core/Src/stm32f4xx_hal_msp.o
 .debug_info    0x000000000000a147      0x235 ./Core/Src/stm32f4xx_it.o
 .debug_info    0x000000000000a37c      0xa25 ./Core/Src/sysmem.o
 .debug_info    0x000000000000ada1      0x5d0 ./Core/Src/system_stm32f4xx.o
 .debug_info    0x000000000000b371      0x7b2 ./Core/Src/timer.o
 .debug_info    0x000000000000bb23       0x22 ./Core/Startup/startup_stm32f401retx.o
 .debug_info    0x000000000000bb45      0x93d ./Drivers/STM32F4xx_HAL_Driver/Src/stm32f4xx_hal.o
 .debug_info    0x000000000000c482      0xe41 ./Drivers/STM32F4xx_HAL_Driver/Src/stm32f4xx_hal_cortex.o
 .debug_info    0x000000000000d2c3      0x862 ./Drivers/STM32F4xx_HAL_Driver/Src/stm32f4xx_hal_gpio.o
 .debug_info    0x000000000000db25     0x2653 ./Drivers/STM32F4xx_HAL_Driver/Src/stm32f4xx_hal_i2c.o
 .debug_info    0x0000000000010178      0x9bd ./Drivers/STM32F4xx_HAL_Driver/Src/stm32f4xx_hal_rcc.o
 .debug_info    0x0000000000010b35     0x2c1a ./Drivers/STM32F4xx_HAL_Driver/Src/stm32f4xx_hal_tim.o
 .debug_info    0x000000000001374f     0x159a ./Drivers/STM32F4xx_HAL_Driver/Src/stm32f4xx_hal_tim_ex.o
 .debug_info    0x0000000000014ce9     0x31d6 ./Drivers/STM32F4xx_HAL_Driver/Src/stm32f4xx_hal_uart.o

.debug_abbrev   0x0000000000000000     0x33bb
 .debug_abbrev  0x0000000000000000      0x2ae ./Core/Src/app.o
 .debug_abbrev  0x00000000000002ae      0x17b ./Core/Src/ball.o
 .debug_abbrev  0x0000000000000429      0x22b ./Core/Src/connect.o
 .debug_abbrev  0x0000000000000654      0x1ab ./Core/Src/delay.o
 .debug_abbrev  0x00000000000007ff      0x239 ./Core/Src/gameLogic.o
 .debug_abbrev  0x0000000000000a38      0x22e ./Core/Src/lcd.o
 .debug_abbrev  0x0000000000000c66       0xf8 ./Core/Src/lcd_pins.o
 .debug_abbrev  0x0000000000000d5e      0x25e ./Core/Src/main.o
 .debug_abbrev  0x0000000000000fbc      0x1fd ./Core/Src/maps.o
 .debug_abbrev  0x00000000000011b9      0x27c ./Core/Src/mpu6050.o
 .debug_abbrev  0x0000000000001435      0x25f ./Core/Src/procudure.o
 .debug_abbrev  0x0000000000001694      0x116 ./Core/Src/score.o
 .debug_abbrev  0x00000000000017aa      0x1db ./Core/Src/stm32f4xx_hal_msp.o
 .debug_abbrev  0x0000000000001985       0xec ./Core/Src/stm32f4xx_it.o
 .debug_abbrev  0x0000000000001a71      0x1bf ./Core/Src/sysmem.o
 .debug_abbrev  0x0000000000001c30      0x145 ./Core/Src/system_stm32f4xx.o
 .debug_abbrev  0x0000000000001d75      0x1ff ./Core/Src/timer.o
 .debug_abbrev  0x0000000000001f74       0x12 ./Core/Startup/startup_stm32f401retx.o
 .debug_abbrev  0x0000000000001f86      0x21e ./Drivers/STM32F4xx_HAL_Driver/Src/stm32f4xx_hal.o
 .debug_abbrev  0x00000000000021a4      0x33c ./Drivers/STM32F4xx_HAL_Driver/Src/stm32f4xx_hal_cortex.o
 .debug_abbrev  0x00000000000024e0      0x1f1 ./Drivers/STM32F4xx_HAL_Driver/Src/stm32f4xx_hal_gpio.o
 .debug_abbrev  0x00000000000026d1      0x293 ./Drivers/STM32F4xx_HAL_Driver/Src/stm32f4xx_hal_i2c.o
 .debug_abbrev  0x0000000000002964      0x275 ./Drivers/STM32F4xx_HAL_Driver/Src/stm32f4xx_hal_rcc.o
 .debug_abbrev  0x0000000000002bd9      0x26f ./Drivers/STM32F4xx_HAL_Driver/Src/stm32f4xx_hal_tim.o
 .debug_abbrev  0x0000000000002e48      0x277 ./Drivers/STM32F4xx_HAL_Driver/Src/stm32f4xx_hal_tim_ex.o
 .debug_abbrev  0x00000000000030bf      0x2fc ./Drivers/STM32F4xx_HAL_Driver/Src/stm32f4xx_hal_uart.o

.debug_aranges  0x0000000000000000     0x1210
 .debug_aranges
                0x0000000000000000       0x50 ./Core/Src/app.o
 .debug_aranges
                0x0000000000000050       0x80 ./Core/Src/ball.o
 .debug_aranges
                0x00000000000000d0       0x48 ./Core/Src/connect.o
 .debug_aranges